Reading the opcodes latency info from tests/test162.dat ... Got latency for 9 opcodes
Reading the program file tests/test162.in ... Found 200 instructions
getProgDepth()==267
getDepDepth(8)==0
getDepDepth(25)==16
getDepDepth(174)==147
getDepDepth(141)==142
getDepDepth(146)==142
getInstDeps(130)=={129,12}
getInstDeps(116)=={74,83}
getDepDepth(91)==65
getDepDepth(170)==181
getInstDeps(186)=={183,151}
getInstDeps(155)=={100,132}
getInstDeps(192)=={135,182}
getDepDepth(114)==137
getInstDeps(27)=={-1,-1}
getInstDeps(9)=={-1,-1}
getDepDepth(188)==191
getInstDeps(102)=={72,76}
getInstDeps(109)=={103,88}
getInstDeps(53)=={50,43}
getInstDeps(120)=={113,112}
getDepDepth(147)==165
getDepDepth(155)==142
getInstDeps(80)=={76,47}
getDepDepth(37)==0
getInstDeps(173)=={148,127}
getDepDepth(29)==10
getDepDepth(105)==76
getInstDeps(173)=={148,127}
getDepDepth(128)==91
getDepDepth(186)==214
getDepDepth(6)==0
getInstDeps(163)=={144,135}
getInstDeps(28)=={11,16}
getInstDeps(34)=={4,12}
getDepDepth(51)==32
getInstDeps(170)=={154,135}
getDepDepth(160)==137
getInstDeps(51)=={47,34}
getInstDeps(33)=={28,-1}
getDepDepth(176)==178
getInstDeps(34)=={4,12}
getDepDepth(97)==103
getInstDeps(95)=={83,-1}
getDepDepth(175)==178
getDepDepth(176)==178
getInstDeps(185)=={171,117}
getDepDepth(122)==113
getInstDeps(47)=={-1,-1}
getInstDeps(29)=={28,8}
getInstDeps(91)=={72,76}
getDepDepth(176)==178
getDepDepth(175)==178
getDepDepth(29)==10
getDepDepth(194)==244
getInstDeps(107)=={72,83}
getInstDeps(76)=={53,61}
getInstDeps(186)=={183,151}
getDepDepth(10)==24
getInstDeps(97)=={89,67}
getDepDepth(79)==67
getInstDeps(9)=={-1,-1}
getInstDeps(43)=={24,29}
getInstDeps(133)=={120,130}
number of false dependencies for register[0] is 0
number of false dependencies for register[1] is 2
number of false dependencies for register[2] is 0
number of false dependencies for register[3] is 0
number of false dependencies for register[4] is 0
number of false dependencies for register[5] is 0
number of false dependencies for register[6] is 0
number of false dependencies for register[7] is 0
number of false dependencies for register[8] is 0
number of false dependencies for register[9] is 0
number of false dependencies for register[10] is 2
number of false dependencies for register[11] is 0
number of false dependencies for register[12] is 0
number of false dependencies for register[13] is 0
number of false dependencies for register[14] is 0
number of false dependencies for register[15] is 0
number of false dependencies for register[16] is 0
number of false dependencies for register[17] is 1
number of false dependencies for register[18] is 0
number of false dependencies for register[19] is 0
number of false dependencies for register[20] is 0
number of false dependencies for register[21] is 0
number of false dependencies for register[22] is 1
number of false dependencies for register[23] is 0
number of false dependencies for register[24] is 0
number of false dependencies for register[25] is 2
number of false dependencies for register[26] is 0
number of false dependencies for register[27] is 2
number of false dependencies for register[28] is 0
number of false dependencies for register[29] is 1
number of false dependencies for register[30] is 2
number of false dependencies for register[31] is 0
