Reading the opcodes latency info from tests/test119.dat ... Got latency for 9 opcodes
Reading the program file tests/test119.in ... Found 200 instructions
getProgDepth()==268
getDepDepth(177)==201
getDepDepth(105)==112
getInstDeps(95)=={31,93}
getInstDeps(32)=={14,8}
getDepDepth(112)==84
getDepDepth(87)==93
getInstDeps(56)=={15,38}
getDepDepth(111)==105
getInstDeps(161)=={156,46}
getDepDepth(59)==28
getInstDeps(151)=={107,110}
getInstDeps(156)=={114,150}
getInstDeps(49)=={22,-1}
getInstDeps(15)=={4,-1}
getDepDepth(154)==111
getDepDepth(87)==93
getDepDepth(198)==257
getInstDeps(42)=={37,-1}
getInstDeps(24)=={10,-1}
getInstDeps(196)=={156,159}
getInstDeps(12)=={-1,-1}
getDepDepth(68)==75
getDepDepth(96)==105
getDepDepth(178)==235
getDepDepth(90)==124
getDepDepth(161)==224
getInstDeps(96)=={-1,73}
getInstDeps(87)=={81,75}
getInstDeps(70)=={-1,51}
getInstDeps(153)=={143,-1}
getDepDepth(83)==86
getInstDeps(59)=={46,38}
getDepDepth(7)==22
getDepDepth(25)==17
getDepDepth(67)==95
getDepDepth(178)==235
getDepDepth(45)==35
getDepDepth(32)==52
getDepDepth(86)==79
getDepDepth(69)==75
getDepDepth(70)==75
getInstDeps(160)=={46,143}
getDepDepth(115)==132
getDepDepth(46)==17
getInstDeps(62)=={-1,41}
getDepDepth(113)==107
getInstDeps(32)=={14,8}
getDepDepth(140)==199
getDepDepth(31)==6
getDepDepth(47)==95
getInstDeps(63)=={-1,44}
getInstDeps(110)=={37,108}
getDepDepth(34)==69
getDepDepth(27)==17
getDepDepth(43)==84
getDepDepth(149)==138
getDepDepth(138)==164
getInstDeps(74)=={62,53}
getInstDeps(154)=={118,46}
getInstDeps(197)=={148,107}
getInstDeps(132)=={-1,112}
number of false dependencies for register[0] is 1
number of false dependencies for register[1] is 0
number of false dependencies for register[2] is 0
number of false dependencies for register[3] is 0
number of false dependencies for register[4] is 0
number of false dependencies for register[5] is 0
number of false dependencies for register[6] is 2
number of false dependencies for register[7] is 1
number of false dependencies for register[8] is 0
number of false dependencies for register[9] is 0
number of false dependencies for register[10] is 0
number of false dependencies for register[11] is 1
number of false dependencies for register[12] is 0
number of false dependencies for register[13] is 0
number of false dependencies for register[14] is 0
number of false dependencies for register[15] is 1
number of false dependencies for register[16] is 1
number of false dependencies for register[17] is 0
number of false dependencies for register[18] is 3
number of false dependencies for register[19] is 0
number of false dependencies for register[20] is 0
number of false dependencies for register[21] is 0
number of false dependencies for register[22] is 2
number of false dependencies for register[23] is 1
number of false dependencies for register[24] is 0
number of false dependencies for register[25] is 2
number of false dependencies for register[26] is 0
number of false dependencies for register[27] is 0
number of false dependencies for register[28] is 1
number of false dependencies for register[29] is 0
number of false dependencies for register[30] is 0
number of false dependencies for register[31] is 0
