Reading the opcodes latency info from tests/test32.dat ... Got latency for 9 opcodes
Reading the program file tests/test32.in ... Found 200 instructions
getProgDepth()==251
getInstDeps(166)=={156,139}
getDepDepth(123)==133
getInstDeps(181)=={134,145}
getInstDeps(58)=={45,-1}
getInstDeps(52)=={51,17}
getDepDepth(2)==0
getDepDepth(164)==183
getInstDeps(90)=={53,67}
getInstDeps(86)=={74,85}
getInstDeps(45)=={-1,10}
getInstDeps(110)=={95,80}
getInstDeps(109)=={63,95}
getDepDepth(161)==190
getInstDeps(65)=={57,55}
getInstDeps(180)=={116,155}
getDepDepth(62)==61
getDepDepth(25)==16
getDepDepth(189)==180
getDepDepth(190)==212
getDepDepth(188)==183
getInstDeps(132)=={87,61}
getDepDepth(124)==116
getDepDepth(14)==0
getInstDeps(150)=={127,143}
getDepDepth(121)==103
getInstDeps(104)=={82,64}
getInstDeps(67)=={53,-1}
getDepDepth(133)==173
getInstDeps(106)=={49,23}
getDepDepth(126)==106
getInstDeps(21)=={-1,20}
getDepDepth(176)==219
getDepDepth(30)==18
getDepDepth(55)==9
getDepDepth(41)==34
getDepDepth(117)==132
getInstDeps(101)=={85,84}
getDepDepth(91)==78
getDepDepth(125)==121
getInstDeps(86)=={74,85}
getInstDeps(197)=={191,116}
getInstDeps(158)=={153,150}
getDepDepth(101)==121
getInstDeps(3)=={2,-1}
getDepDepth(0)==0
getInstDeps(115)=={109,87}
getDepDepth(39)==11
getDepDepth(130)==173
getInstDeps(168)=={134,65}
getInstDeps(140)=={59,130}
getDepDepth(50)==64
getInstDeps(75)=={64,51}
getDepDepth(18)==13
getInstDeps(4)=={2,-1}
getInstDeps(31)=={21,23}
getDepDepth(105)==95
getInstDeps(90)=={53,67}
getDepDepth(156)==148
getDepDepth(124)==116
getDepDepth(90)==86
getDepDepth(10)==0
getDepDepth(159)==170
getInstDeps(193)=={192,145}
number of false dependencies for register[0] is 0
number of false dependencies for register[1] is 0
number of false dependencies for register[2] is 0
number of false dependencies for register[3] is 0
number of false dependencies for register[4] is 0
number of false dependencies for register[5] is 1
number of false dependencies for register[6] is 1
number of false dependencies for register[7] is 1
number of false dependencies for register[8] is 0
number of false dependencies for register[9] is 1
number of false dependencies for register[10] is 1
number of false dependencies for register[11] is 0
number of false dependencies for register[12] is 0
number of false dependencies for register[13] is 0
number of false dependencies for register[14] is 1
number of false dependencies for register[15] is 1
number of false dependencies for register[16] is 1
number of false dependencies for register[17] is 0
number of false dependencies for register[18] is 1
number of false dependencies for register[19] is 1
number of false dependencies for register[20] is 0
number of false dependencies for register[21] is 1
number of false dependencies for register[22] is 1
number of false dependencies for register[23] is 0
number of false dependencies for register[24] is 0
number of false dependencies for register[25] is 0
number of false dependencies for register[26] is 1
number of false dependencies for register[27] is 0
number of false dependencies for register[28] is 2
number of false dependencies for register[29] is 1
number of false dependencies for register[30] is 0
number of false dependencies for register[31] is 1
