Reading the opcodes latency info from tests/test11.dat ... Got latency for 9 opcodes
Reading the program file tests/test11.in ... Found 200 instructions
getProgDepth()==260
getInstDeps(85)=={61,20}
getDepDepth(92)==61
getDepDepth(65)==74
getDepDepth(18)==17
getInstDeps(37)=={32,36}
getDepDepth(48)==58
getInstDeps(89)=={66,65}
getDepDepth(174)==169
getDepDepth(193)==183
getDepDepth(30)==19
getInstDeps(163)=={131,139}
getDepDepth(52)==44
getInstDeps(67)=={62,41}
getInstDeps(2)=={-1,-1}
getDepDepth(159)==169
getInstDeps(97)=={90,83}
getInstDeps(95)=={48,61}
getInstDeps(66)=={33,-1}
getDepDepth(39)==51
getDepDepth(24)==31
getInstDeps(6)=={-1,-1}
getInstDeps(162)=={153,107}
getInstDeps(31)=={26,-1}
getDepDepth(76)==44
getInstDeps(38)=={-1,-1}
getDepDepth(43)==38
getInstDeps(195)=={191,193}
getDepDepth(150)==149
getInstDeps(74)=={58,0}
getDepDepth(96)==10
getInstDeps(192)=={138,131}
getInstDeps(70)=={38,-1}
getInstDeps(88)=={28,46}
getDepDepth(154)==135
getInstDeps(45)=={-1,-1}
getDepDepth(157)==166
getInstDeps(120)=={38,101}
getInstDeps(34)=={-1,9}
getDepDepth(43)==38
getDepDepth(150)==149
getDepDepth(176)==169
getInstDeps(195)=={191,193}
getInstDeps(191)=={138,177}
getDepDepth(12)==0
getDepDepth(173)==138
getInstDeps(32)=={20,2}
getInstDeps(1)=={-1,0}
getInstDeps(116)=={-1,62}
getInstDeps(103)=={101,84}
getDepDepth(50)==0
getDepDepth(99)==128
getDepDepth(32)==31
getInstDeps(66)=={33,-1}
getDepDepth(21)==31
getInstDeps(95)=={48,61}
getDepDepth(71)==85
getDepDepth(132)==108
getInstDeps(19)=={-1,12}
number of false dependencies for register[0] is 0
number of false dependencies for register[1] is 0
number of false dependencies for register[2] is 0
number of false dependencies for register[3] is 0
number of false dependencies for register[4] is 0
number of false dependencies for register[5] is 0
number of false dependencies for register[6] is 1
number of false dependencies for register[7] is 2
number of false dependencies for register[8] is 1
number of false dependencies for register[9] is 0
number of false dependencies for register[10] is 2
number of false dependencies for register[11] is 0
number of false dependencies for register[12] is 0
number of false dependencies for register[13] is 0
number of false dependencies for register[14] is 0
number of false dependencies for register[15] is 1
number of false dependencies for register[16] is 1
number of false dependencies for register[17] is 1
number of false dependencies for register[18] is 4
number of false dependencies for register[19] is 0
number of false dependencies for register[20] is 1
number of false dependencies for register[21] is 1
number of false dependencies for register[22] is 0
number of false dependencies for register[23] is 2
number of false dependencies for register[24] is 1
number of false dependencies for register[25] is 0
number of false dependencies for register[26] is 0
number of false dependencies for register[27] is 0
number of false dependencies for register[28] is 2
number of false dependencies for register[29] is 0
number of false dependencies for register[30] is 0
number of false dependencies for register[31] is 0
