Reading the opcodes latency info from tests/test353.dat ... Got latency for 9 opcodes
Reading the program file tests/test353.in ... Found 200 instructions
getProgDepth()==297
getDepDepth(127)==66
getDepDepth(136)==196
getDepDepth(180)==209
getDepDepth(196)==245
getInstDeps(189)=={181,131}
getInstDeps(152)=={107,111}
getDepDepth(86)==134
getDepDepth(195)==206
getDepDepth(13)==28
getInstDeps(85)=={62,67}
getDepDepth(191)==228
getDepDepth(89)==20
getInstDeps(135)=={64,126}
getDepDepth(55)==22
getInstDeps(112)=={99,78}
getDepDepth(100)==80
getDepDepth(13)==28
getDepDepth(104)==141
getInstDeps(3)=={-1,-1}
getDepDepth(91)==108
getInstDeps(20)=={-1,-1}
getDepDepth(133)==81
getDepDepth(35)==53
getDepDepth(199)==276
getDepDepth(15)==19
getDepDepth(159)==188
getDepDepth(11)==32
getDepDepth(171)==223
getInstDeps(105)=={67,104}
getInstDeps(124)=={95,101}
getInstDeps(135)=={64,126}
getDepDepth(6)==0
getInstDeps(87)=={78,-1}
getInstDeps(100)=={65,68}
getInstDeps(106)=={79,-1}
getInstDeps(26)=={-1,9}
getDepDepth(171)==223
getInstDeps(99)=={86,96}
getDepDepth(60)==52
getInstDeps(130)=={126,117}
getInstDeps(1)=={-1,0}
getInstDeps(118)=={93,112}
getDepDepth(177)==242
getDepDepth(74)==20
getDepDepth(166)==189
getInstDeps(38)=={31,26}
getDepDepth(104)==141
getInstDeps(124)=={95,101}
getInstDeps(124)=={95,101}
number of false dependencies for register[0] is 0
number of false dependencies for register[1] is 0
number of false dependencies for register[2] is 0
number of false dependencies for register[3] is 0
number of false dependencies for register[4] is 0
number of false dependencies for register[5] is 0
number of false dependencies for register[6] is 0
number of false dependencies for register[7] is 1
number of false dependencies for register[8] is 0
number of false dependencies for register[9] is 0
number of false dependencies for register[10] is 0
number of false dependencies for register[11] is 1
number of false dependencies for register[12] is 1
number of false dependencies for register[13] is 1
number of false dependencies for register[14] is 2
number of false dependencies for register[15] is 0
number of false dependencies for register[16] is 1
number of false dependencies for register[17] is 2
number of false dependencies for register[18] is 2
number of false dependencies for register[19] is 1
number of false dependencies for register[20] is 2
number of false dependencies for register[21] is 0
number of false dependencies for register[22] is 2
number of false dependencies for register[23] is 0
number of false dependencies for register[24] is 0
number of false dependencies for register[25] is 0
number of false dependencies for register[26] is 0
number of false dependencies for register[27] is 2
number of false dependencies for register[28] is 0
number of false dependencies for register[29] is 0
number of false dependencies for register[30] is 0
number of false dependencies for register[31] is 0
