Reading the opcodes latency info from tests/test172.dat ... Got latency for 9 opcodes
Reading the program file tests/test172.in ... Found 200 instructions
getProgDepth()==299
getInstDeps(80)=={43,-1}
getDepDepth(159)==230
getInstDeps(8)=={-1,5}
getDepDepth(157)==198
getDepDepth(19)==17
getInstDeps(127)=={116,107}
getInstDeps(145)=={127,142}
getDepDepth(90)==77
getDepDepth(119)==153
getDepDepth(150)==89
getDepDepth(133)==124
getInstDeps(50)=={32,45}
getInstDeps(96)=={92,39}
getDepDepth(183)==243
getInstDeps(60)=={26,39}
getInstDeps(98)=={85,88}
getDepDepth(1)==0
getDepDepth(81)==52
getDepDepth(54)==61
getInstDeps(107)=={95,88}
getInstDeps(127)=={116,107}
getDepDepth(152)==191
getInstDeps(190)=={168,164}
getDepDepth(180)==208
getInstDeps(10)=={-1,-1}
getDepDepth(184)==235
getDepDepth(131)==180
getDepDepth(41)==12
getInstDeps(73)=={43,58}
getDepDepth(23)==12
getDepDepth(127)==161
getInstDeps(180)=={156,156}
getInstDeps(106)=={79,93}
getInstDeps(60)=={26,39}
getInstDeps(165)=={162,128}
getDepDepth(61)==12
getInstDeps(17)=={-1,6}
getDepDepth(171)==230
getInstDeps(150)=={90,149}
getDepDepth(182)==180
getDepDepth(52)==17
getInstDeps(169)=={122,168}
getDepDepth(175)==225
getDepDepth(174)==224
getInstDeps(151)=={131,149}
getInstDeps(126)=={88,108}
getInstDeps(68)=={54,55}
getDepDepth(150)==89
getDepDepth(85)==61
getInstDeps(181)=={148,70}
getInstDeps(65)=={21,57}
getInstDeps(54)=={-1,39}
getDepDepth(124)==161
getInstDeps(45)=={-1,43}
getDepDepth(53)==0
getInstDeps(91)=={87,76}
getInstDeps(98)=={85,88}
getInstDeps(83)=={65,8}
getInstDeps(191)=={190,177}
getInstDeps(192)=={118,161}
getInstDeps(173)=={168,170}
getInstDeps(132)=={21,125}
getDepDepth(29)==45
getInstDeps(150)=={90,149}
getDepDepth(128)==159
getInstDeps(139)=={107,113}
getInstDeps(192)=={118,161}
getInstDeps(182)=={70,118}
getDepDepth(5)==0
getInstDeps(94)=={77,88}
getDepDepth(125)==178
getInstDeps(15)=={-1,-1}
number of false dependencies for register[0] is 1
number of false dependencies for register[1] is 1
number of false dependencies for register[2] is 1
number of false dependencies for register[3] is 0
number of false dependencies for register[4] is 0
number of false dependencies for register[5] is 2
number of false dependencies for register[6] is 0
number of false dependencies for register[7] is 0
number of false dependencies for register[8] is 1
number of false dependencies for register[9] is 0
number of false dependencies for register[10] is 1
number of false dependencies for register[11] is 0
number of false dependencies for register[12] is 0
number of false dependencies for register[13] is 0
number of false dependencies for register[14] is 0
number of false dependencies for register[15] is 1
number of false dependencies for register[16] is 0
number of false dependencies for register[17] is 0
number of false dependencies for register[18] is 0
number of false dependencies for register[19] is 1
number of false dependencies for register[20] is 0
number of false dependencies for register[21] is 2
number of false dependencies for register[22] is 1
number of false dependencies for register[23] is 0
number of false dependencies for register[24] is 0
number of false dependencies for register[25] is 2
number of false dependencies for register[26] is 0
number of false dependencies for register[27] is 1
number of false dependencies for register[28] is 1
number of false dependencies for register[29] is 1
number of false dependencies for register[30] is 0
number of false dependencies for register[31] is 1
