Reading the opcodes latency info from tests/test55.dat ... Got latency for 9 opcodes
Reading the program file tests/test55.in ... Found 200 instructions
getProgDepth()==229
getDepDepth(99)==57
getDepDepth(7)==19
getDepDepth(48)==73
getDepDepth(65)==46
getDepDepth(16)==57
getDepDepth(80)==96
getInstDeps(168)=={154,156}
getInstDeps(121)=={117,118}
getInstDeps(113)=={53,103}
getDepDepth(86)==112
getInstDeps(189)=={179,152}
getInstDeps(51)=={32,12}
getDepDepth(34)==5
getDepDepth(17)==0
getInstDeps(114)=={63,81}
getInstDeps(96)=={70,88}
getDepDepth(153)==183
getDepDepth(172)==172
getInstDeps(77)=={72,68}
getDepDepth(98)==96
getInstDeps(39)=={-1,24}
getInstDeps(69)=={64,66}
getInstDeps(54)=={52,-1}
getDepDepth(50)==57
getInstDeps(94)=={22,56}
getInstDeps(70)=={64,67}
getDepDepth(135)==183
getInstDeps(110)=={74,22}
getInstDeps(123)=={55,107}
getDepDepth(102)==75
getDepDepth(119)==166
getInstDeps(38)=={21,5}
getInstDeps(129)=={88,88}
getInstDeps(7)=={3,1}
getInstDeps(31)=={20,-1}
getInstDeps(198)=={182,154}
getInstDeps(146)=={106,107}
getInstDeps(156)=={131,118}
number of false dependencies for register[0] is 2
number of false dependencies for register[1] is 2
number of false dependencies for register[2] is 0
number of false dependencies for register[3] is 3
number of false dependencies for register[4] is 1
number of false dependencies for register[5] is 0
number of false dependencies for register[6] is 1
number of false dependencies for register[7] is 1
number of false dependencies for register[8] is 1
number of false dependencies for register[9] is 0
number of false dependencies for register[10] is 1
number of false dependencies for register[11] is 0
number of false dependencies for register[12] is 0
number of false dependencies for register[13] is 0
number of false dependencies for register[14] is 0
number of false dependencies for register[15] is 0
number of false dependencies for register[16] is 1
number of false dependencies for register[17] is 1
number of false dependencies for register[18] is 2
number of false dependencies for register[19] is 0
number of false dependencies for register[20] is 0
number of false dependencies for register[21] is 0
number of false dependencies for register[22] is 1
number of false dependencies for register[23] is 1
number of false dependencies for register[24] is 0
number of false dependencies for register[25] is 0
number of false dependencies for register[26] is 1
number of false dependencies for register[27] is 0
number of false dependencies for register[28] is 0
number of false dependencies for register[29] is 1
number of false dependencies for register[30] is 1
number of false dependencies for register[31] is 1
