Reading the opcodes latency info from tests/test270.dat ... Got latency for 9 opcodes
Reading the program file tests/test270.in ... Found 200 instructions
getProgDepth()==278
getInstDeps(174)=={166,172}
getInstDeps(159)=={39,149}
getDepDepth(81)==83
getDepDepth(131)==111
getInstDeps(140)=={125,135}
getDepDepth(62)==54
getDepDepth(4)==0
getInstDeps(198)=={194,173}
getInstDeps(14)=={-1,11}
getInstDeps(77)=={60,-1}
getDepDepth(51)==37
getInstDeps(69)=={49,62}
getInstDeps(115)=={56,114}
getDepDepth(32)==30
getInstDeps(117)=={105,86}
getInstDeps(159)=={39,149}
getDepDepth(55)==58
getDepDepth(73)==45
getInstDeps(113)=={105,39}
getInstDeps(36)=={20,1}
getInstDeps(128)=={118,63}
getDepDepth(113)==108
getInstDeps(195)=={169,156}
getInstDeps(23)=={7,-1}
getInstDeps(173)=={162,162}
getDepDepth(171)==169
getInstDeps(29)=={-1,-1}
getDepDepth(150)==107
getInstDeps(94)=={61,77}
getDepDepth(133)==96
getDepDepth(70)==60
getInstDeps(76)=={56,45}
getDepDepth(141)==90
getInstDeps(198)=={194,173}
getInstDeps(88)=={51,-1}
getInstDeps(19)=={-1,-1}
getDepDepth(70)==60
getInstDeps(132)=={118,119}
getInstDeps(168)=={117,153}
getDepDepth(190)==244
getDepDepth(71)==46
getInstDeps(125)=={112,78}
getDepDepth(40)==23
getInstDeps(161)=={158,160}
getDepDepth(49)==26
getInstDeps(96)=={61,-1}
getInstDeps(72)=={69,69}
getInstDeps(36)=={20,1}
getInstDeps(138)=={114,132}
getDepDepth(146)==141
getDepDepth(25)==26
getInstDeps(18)=={8,11}
getDepDepth(13)==0
getInstDeps(131)=={123,112}
getDepDepth(70)==60
getInstDeps(154)=={119,122}
getInstDeps(53)=={17,50}
getDepDepth(2)==0
getInstDeps(82)=={73,-1}
getDepDepth(132)==115
getDepDepth(185)==214
getInstDeps(84)=={-1,21}
getInstDeps(80)=={71,77}
getDepDepth(101)==49
getDepDepth(72)==72
getDepDepth(197)==99
getDepDepth(126)==110
getInstDeps(111)=={101,68}
getDepDepth(54)==58
getDepDepth(37)==0
getDepDepth(129)==26
getInstDeps(80)=={71,77}
getDepDepth(167)==130
getDepDepth(100)==86
getInstDeps(26)=={-1,21}
getInstDeps(167)=={153,142}
getDepDepth(141)==90
getInstDeps(121)=={101,104}
getInstDeps(163)=={39,141}
getDepDepth(59)==37
getDepDepth(117)==108
getInstDeps(78)=={54,74}
getDepDepth(143)==132
getDepDepth(134)==125
getDepDepth(174)==195
getDepDepth(115)==125
getInstDeps(172)=={122,166}
getInstDeps(126)=={93,117}
getDepDepth(150)==107
getInstDeps(36)=={20,1}
number of false dependencies for register[0] is 1
number of false dependencies for register[1] is 1
number of false dependencies for register[2] is 0
number of false dependencies for register[3] is 0
number of false dependencies for register[4] is 2
number of false dependencies for register[5] is 1
number of false dependencies for register[6] is 1
number of false dependencies for register[7] is 2
number of false dependencies for register[8] is 1
number of false dependencies for register[9] is 0
number of false dependencies for register[10] is 0
number of false dependencies for register[11] is 0
number of false dependencies for register[12] is 0
number of false dependencies for register[13] is 0
number of false dependencies for register[14] is 2
number of false dependencies for register[15] is 0
number of false dependencies for register[16] is 2
number of false dependencies for register[17] is 0
number of false dependencies for register[18] is 0
number of false dependencies for register[19] is 0
number of false dependencies for register[20] is 0
number of false dependencies for register[21] is 0
number of false dependencies for register[22] is 0
number of false dependencies for register[23] is 0
number of false dependencies for register[24] is 0
number of false dependencies for register[25] is 1
number of false dependencies for register[26] is 0
number of false dependencies for register[27] is 1
number of false dependencies for register[28] is 1
number of false dependencies for register[29] is 0
number of false dependencies for register[30] is 0
number of false dependencies for register[31] is 1
