Reading the opcodes latency info from tests/test178.dat ... Got latency for 9 opcodes
Reading the program file tests/test178.in ... Found 200 instructions
getProgDepth()==267
getDepDepth(183)==214
getDepDepth(120)==101
getInstDeps(125)=={108,95}
getDepDepth(114)==43
getInstDeps(36)=={-1,29}
getInstDeps(42)=={20,-1}
getDepDepth(4)==5
getInstDeps(109)=={101,86}
getDepDepth(7)==0
getInstDeps(121)=={120,58}
getInstDeps(105)=={104,28}
getDepDepth(51)==46
getDepDepth(40)==47
getDepDepth(110)==99
getInstDeps(171)=={163,142}
getInstDeps(111)=={86,58}
getInstDeps(25)=={21,11}
getDepDepth(31)==37
getDepDepth(65)==64
getInstDeps(102)=={87,82}
getInstDeps(124)=={-1,123}
getInstDeps(62)=={46,19}
getInstDeps(188)=={127,156}
getDepDepth(41)==41
getInstDeps(24)=={20,23}
getDepDepth(19)==34
getInstDeps(58)=={-1,3}
getDepDepth(5)==0
getInstDeps(1)=={-1,-1}
getInstDeps(60)=={24,35}
getInstDeps(45)=={-1,24}
number of false dependencies for register[0] is 1
number of false dependencies for register[1] is 0
number of false dependencies for register[2] is 1
number of false dependencies for register[3] is 0
number of false dependencies for register[4] is 0
number of false dependencies for register[5] is 2
number of false dependencies for register[6] is 0
number of false dependencies for register[7] is 0
number of false dependencies for register[8] is 0
number of false dependencies for register[9] is 0
number of false dependencies for register[10] is 0
number of false dependencies for register[11] is 0
number of false dependencies for register[12] is 1
number of false dependencies for register[13] is 1
number of false dependencies for register[14] is 0
number of false dependencies for register[15] is 0
number of false dependencies for register[16] is 1
number of false dependencies for register[17] is 0
number of false dependencies for register[18] is 0
number of false dependencies for register[19] is 2
number of false dependencies for register[20] is 0
number of false dependencies for register[21] is 0
number of false dependencies for register[22] is 1
number of false dependencies for register[23] is 0
number of false dependencies for register[24] is 1
number of false dependencies for register[25] is 0
number of false dependencies for register[26] is 0
number of false dependencies for register[27] is 0
number of false dependencies for register[28] is 1
number of false dependencies for register[29] is 0
number of false dependencies for register[30] is 1
number of false dependencies for register[31] is 0
