Reading the opcodes latency info from tests/test151.dat ... Got latency for 9 opcodes
Reading the program file tests/test151.in ... Found 200 instructions
getProgDepth()==244
getInstDeps(36)=={14,15}
getInstDeps(88)=={63,78}
getDepDepth(90)==109
getInstDeps(33)=={29,-1}
getInstDeps(72)=={40,71}
getDepDepth(70)==105
getInstDeps(130)=={123,100}
getDepDepth(164)==141
getInstDeps(146)=={114,62}
getInstDeps(76)=={64,17}
getInstDeps(173)=={169,163}
getInstDeps(144)=={139,100}
getInstDeps(187)=={173,143}
getInstDeps(76)=={64,17}
getInstDeps(109)=={62,101}
getDepDepth(76)==94
getInstDeps(122)=={62,111}
getDepDepth(31)==16
getInstDeps(140)=={115,93}
getDepDepth(104)==109
getDepDepth(176)==186
getDepDepth(35)==26
getDepDepth(70)==105
getInstDeps(96)=={76,77}
getDepDepth(84)==123
getDepDepth(30)==28
getInstDeps(188)=={62,153}
getDepDepth(178)==221
getInstDeps(38)=={24,18}
getInstDeps(126)=={86,100}
getDepDepth(42)==35
getInstDeps(146)=={114,62}
getInstDeps(149)=={114,128}
getDepDepth(148)==132
getDepDepth(9)==28
getInstDeps(78)=={67,75}
getInstDeps(45)=={34,10}
getDepDepth(25)==19
getInstDeps(111)=={102,78}
getDepDepth(196)==199
getDepDepth(65)==93
getDepDepth(164)==141
getDepDepth(29)==41
getInstDeps(113)=={58,97}
number of false dependencies for register[0] is 0
number of false dependencies for register[1] is 1
number of false dependencies for register[2] is 0
number of false dependencies for register[3] is 1
number of false dependencies for register[4] is 2
number of false dependencies for register[5] is 1
number of false dependencies for register[6] is 3
number of false dependencies for register[7] is 0
number of false dependencies for register[8] is 1
number of false dependencies for register[9] is 0
number of false dependencies for register[10] is 1
number of false dependencies for register[11] is 0
number of false dependencies for register[12] is 1
number of false dependencies for register[13] is 3
number of false dependencies for register[14] is 0
number of false dependencies for register[15] is 0
number of false dependencies for register[16] is 1
number of false dependencies for register[17] is 2
number of false dependencies for register[18] is 0
number of false dependencies for register[19] is 0
number of false dependencies for register[20] is 0
number of false dependencies for register[21] is 3
number of false dependencies for register[22] is 1
number of false dependencies for register[23] is 0
number of false dependencies for register[24] is 1
number of false dependencies for register[25] is 2
number of false dependencies for register[26] is 1
number of false dependencies for register[27] is 1
number of false dependencies for register[28] is 0
number of false dependencies for register[29] is 0
number of false dependencies for register[30] is 0
number of false dependencies for register[31] is 1
