Reading the opcodes latency info from tests/test362.dat ... Got latency for 9 opcodes
Reading the program file tests/test362.in ... Found 200 instructions
getProgDepth()==213
getDepDepth(108)==83
getDepDepth(11)==0
getInstDeps(114)=={96,95}
getDepDepth(22)==11
getInstDeps(2)=={-1,-1}
getDepDepth(79)==42
getInstDeps(79)=={71,63}
getInstDeps(107)=={80,102}
getDepDepth(140)==64
getInstDeps(136)=={98,121}
getDepDepth(97)==65
getInstDeps(182)=={172,105}
getInstDeps(96)=={89,38}
getInstDeps(46)=={-1,27}
getDepDepth(53)==47
getInstDeps(18)=={-1,-1}
getInstDeps(148)=={113,113}
getInstDeps(32)=={-1,30}
getInstDeps(76)=={75,70}
getDepDepth(32)==13
getDepDepth(0)==0
getInstDeps(182)=={172,105}
getDepDepth(153)==117
getInstDeps(59)=={27,30}
getDepDepth(127)==81
getDepDepth(60)==43
getInstDeps(196)=={192,146}
getDepDepth(103)==79
getDepDepth(22)==11
getInstDeps(124)=={77,113}
getInstDeps(137)=={95,130}
getDepDepth(143)==99
getInstDeps(82)=={77,38}
getDepDepth(56)==24
getDepDepth(124)==138
getDepDepth(73)==49
getInstDeps(116)=={44,84}
getDepDepth(78)==30
getDepDepth(40)==17
getInstDeps(52)=={23,26}
getInstDeps(53)=={50,-1}
getDepDepth(39)==0
getDepDepth(189)==117
getInstDeps(20)=={-1,10}
getDepDepth(88)==0
getDepDepth(140)==64
getInstDeps(103)=={72,98}
getDepDepth(5)==17
getInstDeps(123)=={120,75}
getDepDepth(101)==48
getInstDeps(36)=={21,24}
getDepDepth(33)==17
getDepDepth(158)==92
getDepDepth(102)==64
getDepDepth(28)==13
getDepDepth(161)==175
getDepDepth(85)==49
getInstDeps(0)=={-1,-1}
getInstDeps(152)=={103,107}
getInstDeps(197)=={189,164}
getInstDeps(196)=={192,146}
getDepDepth(45)==26
number of false dependencies for register[0] is 0
number of false dependencies for register[1] is 0
number of false dependencies for register[2] is 1
number of false dependencies for register[3] is 0
number of false dependencies for register[4] is 1
number of false dependencies for register[5] is 1
number of false dependencies for register[6] is 0
number of false dependencies for register[7] is 0
number of false dependencies for register[8] is 0
number of false dependencies for register[9] is 2
number of false dependencies for register[10] is 1
number of false dependencies for register[11] is 0
number of false dependencies for register[12] is 0
number of false dependencies for register[13] is 1
number of false dependencies for register[14] is 0
number of false dependencies for register[15] is 1
number of false dependencies for register[16] is 0
number of false dependencies for register[17] is 1
number of false dependencies for register[18] is 0
number of false dependencies for register[19] is 0
number of false dependencies for register[20] is 0
number of false dependencies for register[21] is 0
number of false dependencies for register[22] is 0
number of false dependencies for register[23] is 1
number of false dependencies for register[24] is 1
number of false dependencies for register[25] is 3
number of false dependencies for register[26] is 0
number of false dependencies for register[27] is 1
number of false dependencies for register[28] is 0
number of false dependencies for register[29] is 0
number of false dependencies for register[30] is 0
number of false dependencies for register[31] is 1
