Reading the opcodes latency info from tests/test56.dat ... Got latency for 9 opcodes
Reading the program file tests/test56.in ... Found 200 instructions
getProgDepth()==221
getDepDepth(188)==138
getInstDeps(20)=={7,-1}
getDepDepth(109)==106
getInstDeps(72)=={29,63}
getInstDeps(19)=={1,12}
getDepDepth(48)==43
getDepDepth(191)==209
getDepDepth(5)==0
getInstDeps(37)=={-1,8}
getDepDepth(150)==136
getInstDeps(110)=={85,96}
getInstDeps(114)=={97,112}
getInstDeps(158)=={156,155}
getDepDepth(174)==166
getInstDeps(188)=={151,169}
getInstDeps(89)=={84,78}
getInstDeps(119)=={118,116}
getDepDepth(138)==103
getDepDepth(60)==37
getInstDeps(77)=={37,56}
getInstDeps(155)=={130,147}
getInstDeps(82)=={-1,60}
getInstDeps(120)=={59,-1}
getInstDeps(76)=={65,58}
getInstDeps(69)=={60,7}
getDepDepth(83)==60
getDepDepth(165)==151
getInstDeps(31)=={18,-1}
getInstDeps(84)=={65,77}
getDepDepth(65)==37
number of false dependencies for register[0] is 0
number of false dependencies for register[1] is 1
number of false dependencies for register[2] is 0
number of false dependencies for register[3] is 0
number of false dependencies for register[4] is 0
number of false dependencies for register[5] is 0
number of false dependencies for register[6] is 1
number of false dependencies for register[7] is 0
number of false dependencies for register[8] is 0
number of false dependencies for register[9] is 0
number of false dependencies for register[10] is 0
number of false dependencies for register[11] is 1
number of false dependencies for register[12] is 0
number of false dependencies for register[13] is 1
number of false dependencies for register[14] is 0
number of false dependencies for register[15] is 1
number of false dependencies for register[16] is 0
number of false dependencies for register[17] is 0
number of false dependencies for register[18] is 0
number of false dependencies for register[19] is 1
number of false dependencies for register[20] is 0
number of false dependencies for register[21] is 0
number of false dependencies for register[22] is 1
number of false dependencies for register[23] is 0
number of false dependencies for register[24] is 0
number of false dependencies for register[25] is 0
number of false dependencies for register[26] is 0
number of false dependencies for register[27] is 0
number of false dependencies for register[28] is 0
number of false dependencies for register[29] is 0
number of false dependencies for register[30] is 0
number of false dependencies for register[31] is 2
