Reading the opcodes latency info from tests/test342.dat ... Got latency for 9 opcodes
Reading the program file tests/test342.in ... Found 200 instructions
getProgDepth()==278
getInstDeps(148)=={146,130}
getDepDepth(57)==70
getInstDeps(146)=={118,141}
getDepDepth(139)==84
getInstDeps(17)=={-1,-1}
getDepDepth(29)==3
getDepDepth(109)==89
getInstDeps(112)=={97,102}
getInstDeps(2)=={-1,-1}
getInstDeps(72)=={-1,69}
getDepDepth(51)==30
getInstDeps(183)=={80,169}
getInstDeps(25)=={23,24}
getDepDepth(124)==88
getInstDeps(67)=={49,55}
getDepDepth(48)==48
getInstDeps(19)=={-1,-1}
getDepDepth(187)==160
getInstDeps(167)=={139,80}
getDepDepth(159)==137
getInstDeps(177)=={134,169}
getInstDeps(112)=={97,102}
getDepDepth(8)==5
getDepDepth(190)==242
getDepDepth(189)==171
getDepDepth(70)==55
getInstDeps(5)=={4,-1}
getDepDepth(168)==219
getInstDeps(145)=={143,138}
getDepDepth(77)==46
getInstDeps(95)=={36,92}
getDepDepth(30)==0
getDepDepth(105)==85
getInstDeps(111)=={70,108}
getInstDeps(153)=={112,112}
getDepDepth(94)==95
getDepDepth(111)==100
getInstDeps(21)=={6,-1}
getInstDeps(163)=={162,157}
getDepDepth(4)==5
getDepDepth(34)==43
getInstDeps(172)=={155,143}
number of false dependencies for register[0] is 0
number of false dependencies for register[1] is 1
number of false dependencies for register[2] is 3
number of false dependencies for register[3] is 0
number of false dependencies for register[4] is 1
number of false dependencies for register[5] is 1
number of false dependencies for register[6] is 1
number of false dependencies for register[7] is 0
number of false dependencies for register[8] is 0
number of false dependencies for register[9] is 1
number of false dependencies for register[10] is 0
number of false dependencies for register[11] is 0
number of false dependencies for register[12] is 0
number of false dependencies for register[13] is 0
number of false dependencies for register[14] is 0
number of false dependencies for register[15] is 0
number of false dependencies for register[16] is 0
number of false dependencies for register[17] is 0
number of false dependencies for register[18] is 0
number of false dependencies for register[19] is 0
number of false dependencies for register[20] is 1
number of false dependencies for register[21] is 1
number of false dependencies for register[22] is 0
number of false dependencies for register[23] is 1
number of false dependencies for register[24] is 0
number of false dependencies for register[25] is 0
number of false dependencies for register[26] is 1
number of false dependencies for register[27] is 1
number of false dependencies for register[28] is 1
number of false dependencies for register[29] is 0
number of false dependencies for register[30] is 1
number of false dependencies for register[31] is 0
