Reading the opcodes latency info from tests/test165.dat ... Got latency for 9 opcodes
Reading the program file tests/test165.in ... Found 200 instructions
getProgDepth()==244
getInstDeps(160)=={111,89}
getInstDeps(68)=={-1,67}
getInstDeps(181)=={156,157}
getInstDeps(61)=={54,37}
getInstDeps(197)=={193,169}
getDepDepth(156)==157
getInstDeps(153)=={32,142}
getInstDeps(128)=={118,124}
getInstDeps(120)=={104,118}
getDepDepth(176)==151
getInstDeps(68)=={-1,67}
getInstDeps(141)=={32,123}
getDepDepth(116)==83
getDepDepth(179)==183
getDepDepth(15)==0
getDepDepth(89)==93
getDepDepth(42)==23
getDepDepth(109)==57
getInstDeps(178)=={165,167}
getDepDepth(99)==124
getDepDepth(137)==106
getInstDeps(20)=={6,-1}
getDepDepth(58)==0
getInstDeps(176)=={111,153}
getDepDepth(129)==142
getDepDepth(155)==191
getInstDeps(38)=={36,6}
getInstDeps(71)=={58,11}
getDepDepth(66)==86
getInstDeps(122)=={104,112}
getDepDepth(29)==33
getInstDeps(151)=={32,140}
getInstDeps(119)=={110,113}
getDepDepth(84)==93
getInstDeps(197)=={193,169}
getDepDepth(15)==0
getDepDepth(117)==77
getDepDepth(165)==159
getDepDepth(36)==17
getDepDepth(136)==114
getDepDepth(8)==3
getInstDeps(121)=={92,115}
number of false dependencies for register[0] is 0
number of false dependencies for register[1] is 2
number of false dependencies for register[2] is 0
number of false dependencies for register[3] is 0
number of false dependencies for register[4] is 1
number of false dependencies for register[5] is 0
number of false dependencies for register[6] is 0
number of false dependencies for register[7] is 0
number of false dependencies for register[8] is 0
number of false dependencies for register[9] is 0
number of false dependencies for register[10] is 1
number of false dependencies for register[11] is 0
number of false dependencies for register[12] is 0
number of false dependencies for register[13] is 1
number of false dependencies for register[14] is 1
number of false dependencies for register[15] is 0
number of false dependencies for register[16] is 0
number of false dependencies for register[17] is 0
number of false dependencies for register[18] is 1
number of false dependencies for register[19] is 0
number of false dependencies for register[20] is 0
number of false dependencies for register[21] is 0
number of false dependencies for register[22] is 0
number of false dependencies for register[23] is 0
number of false dependencies for register[24] is 0
number of false dependencies for register[25] is 1
number of false dependencies for register[26] is 0
number of false dependencies for register[27] is 2
number of false dependencies for register[28] is 0
number of false dependencies for register[29] is 3
number of false dependencies for register[30] is 0
number of false dependencies for register[31] is 1
