Reading the opcodes latency info from tests/test48.dat ... Got latency for 9 opcodes
Reading the program file tests/test48.in ... Found 200 instructions
getProgDepth()==293
getInstDeps(199)=={196,158}
getDepDepth(37)==63
getDepDepth(84)==131
getInstDeps(137)=={132,129}
getDepDepth(17)==47
getInstDeps(47)=={-1,15}
getInstDeps(45)=={-1,-1}
getInstDeps(110)=={53,76}
getDepDepth(110)==93
getInstDeps(85)=={73,69}
getInstDeps(174)=={131,130}
getInstDeps(164)=={158,150}
getInstDeps(125)=={98,118}
getInstDeps(63)=={14,15}
getInstDeps(68)=={66,-1}
getInstDeps(87)=={71,83}
getInstDeps(31)=={23,20}
getDepDepth(142)==110
getDepDepth(73)==5
getDepDepth(57)==113
getInstDeps(124)=={121,85}
getDepDepth(186)==253
getDepDepth(141)==209
getDepDepth(132)==197
getDepDepth(44)==26
getDepDepth(130)==187
getInstDeps(157)=={152,140}
getDepDepth(9)==0
getInstDeps(184)=={179,157}
getInstDeps(77)=={-1,23}
getDepDepth(54)==71
getInstDeps(15)=={7,11}
getInstDeps(52)=={-1,49}
getDepDepth(63)==47
getDepDepth(197)==249
getInstDeps(80)=={32,66}
getDepDepth(143)==204
getInstDeps(23)=={14,3}
getInstDeps(19)=={10,9}
getDepDepth(89)==71
getDepDepth(118)==165
getInstDeps(11)=={3,-1}
getInstDeps(44)=={23,-1}
getDepDepth(78)==128
getDepDepth(194)==228
getInstDeps(162)=={144,108}
getDepDepth(15)==28
getInstDeps(18)=={-1,15}
getInstDeps(122)=={121,89}
getDepDepth(81)==93
getDepDepth(193)==270
getDepDepth(135)==183
getDepDepth(16)==32
getDepDepth(0)==0
getInstDeps(195)=={186,174}
getDepDepth(196)==247
getInstDeps(141)=={108,129}
getInstDeps(125)=={98,118}
getDepDepth(125)==168
getDepDepth(54)==71
getDepDepth(78)==128
getDepDepth(186)==253
getDepDepth(4)==3
number of false dependencies for register[0] is 1
number of false dependencies for register[1] is 0
number of false dependencies for register[2] is 0
number of false dependencies for register[3] is 0
number of false dependencies for register[4] is 0
number of false dependencies for register[5] is 0
number of false dependencies for register[6] is 0
number of false dependencies for register[7] is 1
number of false dependencies for register[8] is 0
number of false dependencies for register[9] is 1
number of false dependencies for register[10] is 1
number of false dependencies for register[11] is 1
number of false dependencies for register[12] is 2
number of false dependencies for register[13] is 0
number of false dependencies for register[14] is 0
number of false dependencies for register[15] is 1
number of false dependencies for register[16] is 1
number of false dependencies for register[17] is 0
number of false dependencies for register[18] is 0
number of false dependencies for register[19] is 0
number of false dependencies for register[20] is 0
number of false dependencies for register[21] is 0
number of false dependencies for register[22] is 1
number of false dependencies for register[23] is 2
number of false dependencies for register[24] is 0
number of false dependencies for register[25] is 2
number of false dependencies for register[26] is 0
number of false dependencies for register[27] is 0
number of false dependencies for register[28] is 0
number of false dependencies for register[29] is 0
number of false dependencies for register[30] is 0
number of false dependencies for register[31] is 0
