Reading the opcodes latency info from tests/test273.dat ... Got latency for 9 opcodes
Reading the program file tests/test273.in ... Found 200 instructions
getProgDepth()==283
getInstDeps(69)=={64,53}
getDepDepth(95)==127
getInstDeps(129)=={86,81}
getInstDeps(56)=={22,49}
getDepDepth(143)==158
getDepDepth(158)==123
getInstDeps(146)=={139,124}
getDepDepth(112)==159
getInstDeps(93)=={92,84}
getDepDepth(181)==106
getInstDeps(183)=={57,93}
getDepDepth(170)==159
getDepDepth(126)==132
getDepDepth(112)==159
getInstDeps(179)=={119,156}
getDepDepth(119)==70
getInstDeps(95)=={87,80}
getDepDepth(113)==159
getInstDeps(125)=={111,116}
getDepDepth(136)==155
getDepDepth(112)==159
getDepDepth(80)==10
getDepDepth(168)==238
getDepDepth(126)==132
getDepDepth(166)==162
getDepDepth(58)==21
getDepDepth(68)==81
getDepDepth(75)==76
getInstDeps(19)=={14,-1}
getDepDepth(194)==159
getDepDepth(191)==166
getInstDeps(152)=={90,148}
getInstDeps(120)=={88,81}
getDepDepth(173)==241
getInstDeps(40)=={-1,-1}
getInstDeps(59)=={27,54}
getInstDeps(2)=={-1,-1}
getInstDeps(26)=={16,25}
number of false dependencies for register[0] is 0
number of false dependencies for register[1] is 0
number of false dependencies for register[2] is 1
number of false dependencies for register[3] is 0
number of false dependencies for register[4] is 0
number of false dependencies for register[5] is 0
number of false dependencies for register[6] is 1
number of false dependencies for register[7] is 0
number of false dependencies for register[8] is 0
number of false dependencies for register[9] is 0
number of false dependencies for register[10] is 0
number of false dependencies for register[11] is 1
number of false dependencies for register[12] is 0
number of false dependencies for register[13] is 1
number of false dependencies for register[14] is 0
number of false dependencies for register[15] is 0
number of false dependencies for register[16] is 0
number of false dependencies for register[17] is 1
number of false dependencies for register[18] is 2
number of false dependencies for register[19] is 0
number of false dependencies for register[20] is 1
number of false dependencies for register[21] is 1
number of false dependencies for register[22] is 1
number of false dependencies for register[23] is 0
number of false dependencies for register[24] is 1
number of false dependencies for register[25] is 0
number of false dependencies for register[26] is 1
number of false dependencies for register[27] is 2
number of false dependencies for register[28] is 1
number of false dependencies for register[29] is 2
number of false dependencies for register[30] is 0
number of false dependencies for register[31] is 1
