Reading the opcodes latency info from tests/test79.dat ... Got latency for 9 opcodes
Reading the program file tests/test79.in ... Found 200 instructions
getProgDepth()==260
getInstDeps(35)=={-1,33}
getInstDeps(169)=={52,142}
getInstDeps(170)=={134,132}
getDepDepth(1)==0
getInstDeps(138)=={131,136}
getInstDeps(167)=={149,134}
getInstDeps(183)=={172,166}
getDepDepth(135)==80
getDepDepth(11)==0
getInstDeps(120)=={77,88}
getInstDeps(100)=={47,75}
getDepDepth(60)==48
getInstDeps(126)=={74,87}
getInstDeps(19)=={-1,-1}
getInstDeps(32)=={-1,10}
getInstDeps(44)=={31,32}
getInstDeps(62)=={-1,52}
getInstDeps(84)=={76,80}
getInstDeps(37)=={32,19}
getDepDepth(150)==159
getInstDeps(157)=={145,75}
getDepDepth(188)==203
getDepDepth(171)==164
getInstDeps(126)=={74,87}
getInstDeps(63)=={-1,61}
getDepDepth(149)==87
getInstDeps(84)=={76,80}
getInstDeps(22)=={-1,-1}
getInstDeps(13)=={8,-1}
getInstDeps(61)=={30,30}
getInstDeps(86)=={74,73}
getDepDepth(21)==12
getDepDepth(198)==237
getInstDeps(97)=={49,93}
getDepDepth(70)==66
getInstDeps(113)=={87,67}
getInstDeps(8)=={-1,7}
getDepDepth(11)==0
getInstDeps(37)=={32,19}
getDepDepth(77)==50
getDepDepth(162)==175
getDepDepth(120)==78
getInstDeps(197)=={52,138}
getDepDepth(148)==175
getDepDepth(40)==25
getDepDepth(162)==175
getDepDepth(157)==142
getDepDepth(10)==3
getInstDeps(138)=={131,136}
getInstDeps(78)=={77,33}
getInstDeps(94)=={74,93}
getDepDepth(15)==41
getInstDeps(163)=={149,52}
getDepDepth(167)==165
number of false dependencies for register[0] is 1
number of false dependencies for register[1] is 2
number of false dependencies for register[2] is 0
number of false dependencies for register[3] is 1
number of false dependencies for register[4] is 0
number of false dependencies for register[5] is 2
number of false dependencies for register[6] is 1
number of false dependencies for register[7] is 0
number of false dependencies for register[8] is 0
number of false dependencies for register[9] is 0
number of false dependencies for register[10] is 0
number of false dependencies for register[11] is 0
number of false dependencies for register[12] is 0
number of false dependencies for register[13] is 0
number of false dependencies for register[14] is 0
number of false dependencies for register[15] is 0
number of false dependencies for register[16] is 2
number of false dependencies for register[17] is 0
number of false dependencies for register[18] is 1
number of false dependencies for register[19] is 0
number of false dependencies for register[20] is 2
number of false dependencies for register[21] is 2
number of false dependencies for register[22] is 1
number of false dependencies for register[23] is 0
number of false dependencies for register[24] is 0
number of false dependencies for register[25] is 0
number of false dependencies for register[26] is 1
number of false dependencies for register[27] is 0
number of false dependencies for register[28] is 0
number of false dependencies for register[29] is 1
number of false dependencies for register[30] is 1
number of false dependencies for register[31] is 0
