Reading the opcodes latency info from tests/test336.dat ... Got latency for 9 opcodes
Reading the program file tests/test336.in ... Found 200 instructions
getProgDepth()==217
getInstDeps(75)=={65,21}
getInstDeps(188)=={161,167}
getDepDepth(139)==124
getDepDepth(4)==0
getInstDeps(132)=={131,121}
getDepDepth(51)==21
getDepDepth(164)==183
getInstDeps(141)=={100,83}
getInstDeps(89)=={87,76}
getDepDepth(91)==94
getDepDepth(140)==146
getInstDeps(196)=={146,182}
getDepDepth(124)==75
getDepDepth(6)==0
getDepDepth(45)==78
getInstDeps(119)=={118,107}
getInstDeps(157)=={132,132}
getDepDepth(78)==104
getInstDeps(130)=={97,97}
getInstDeps(166)=={157,160}
getInstDeps(83)=={45,78}
getDepDepth(34)==2
getInstDeps(152)=={151,133}
getDepDepth(131)==114
getDepDepth(186)==183
getDepDepth(33)==20
getDepDepth(100)==101
getInstDeps(53)=={31,20}
getDepDepth(71)==91
getInstDeps(165)=={121,149}
getInstDeps(140)=={128,117}
getInstDeps(28)=={-1,-1}
getDepDepth(117)==137
getDepDepth(55)==5
getDepDepth(129)==112
getDepDepth(54)==42
getInstDeps(2)=={-1,-1}
getDepDepth(62)==97
getInstDeps(34)=={28,-1}
getInstDeps(47)=={33,3}
getInstDeps(175)=={148,87}
getDepDepth(72)==108
getDepDepth(128)==144
getInstDeps(96)=={86,62}
getInstDeps(114)=={97,45}
getInstDeps(6)=={-1,-1}
getDepDepth(164)==183
getDepDepth(80)==64
getDepDepth(164)==183
getDepDepth(69)==101
getInstDeps(53)=={31,20}
getInstDeps(43)=={8,41}
getDepDepth(33)==20
getDepDepth(25)==40
getInstDeps(112)=={55,94}
getInstDeps(188)=={161,167}
getDepDepth(170)==160
getDepDepth(52)==80
getDepDepth(197)==172
getInstDeps(157)=={132,132}
getInstDeps(173)=={123,107}
getDepDepth(13)==7
getDepDepth(39)==61
getDepDepth(115)==114
getInstDeps(92)=={54,28}
getInstDeps(22)=={12,13}
getDepDepth(49)==80
getDepDepth(87)==112
getDepDepth(139)==124
getInstDeps(147)=={123,109}
getInstDeps(142)=={128,140}
getInstDeps(11)=={2,-1}
getInstDeps(65)=={28,8}
getInstDeps(155)=={121,39}
getDepDepth(187)==183
getInstDeps(162)=={160,135}
getInstDeps(144)=={142,128}
getInstDeps(132)=={131,121}
getInstDeps(82)=={52,76}
getInstDeps(83)=={45,78}
getInstDeps(110)=={101,93}
getInstDeps(121)=={39,28}
getInstDeps(162)=={160,135}
getInstDeps(77)=={41,20}
getDepDepth(111)==124
getDepDepth(159)==183
getDepDepth(94)==101
getInstDeps(95)=={92,45}
getInstDeps(148)=={119,28}
getDepDepth(133)==129
getInstDeps(71)=={52,55}
getInstDeps(188)=={161,167}
getDepDepth(16)==0
getDepDepth(52)==80
getInstDeps(39)=={-1,24}
getDepDepth(112)==108
number of false dependencies for register[0] is 0
number of false dependencies for register[1] is 1
number of false dependencies for register[2] is 0
number of false dependencies for register[3] is 1
number of false dependencies for register[4] is 0
number of false dependencies for register[5] is 2
number of false dependencies for register[6] is 0
number of false dependencies for register[7] is 1
number of false dependencies for register[8] is 1
number of false dependencies for register[9] is 0
number of false dependencies for register[10] is 0
number of false dependencies for register[11] is 0
number of false dependencies for register[12] is 1
number of false dependencies for register[13] is 0
number of false dependencies for register[14] is 0
number of false dependencies for register[15] is 1
number of false dependencies for register[16] is 1
number of false dependencies for register[17] is 1
number of false dependencies for register[18] is 1
number of false dependencies for register[19] is 3
number of false dependencies for register[20] is 0
number of false dependencies for register[21] is 0
number of false dependencies for register[22] is 2
number of false dependencies for register[23] is 1
number of false dependencies for register[24] is 1
number of false dependencies for register[25] is 0
number of false dependencies for register[26] is 0
number of false dependencies for register[27] is 1
number of false dependencies for register[28] is 0
number of false dependencies for register[29] is 0
number of false dependencies for register[30] is 0
number of false dependencies for register[31] is 0
