Reading the opcodes latency info from tests/test164.dat ... Got latency for 9 opcodes
Reading the program file tests/test164.in ... Found 200 instructions
getProgDepth()==252
getDepDepth(10)==0
getDepDepth(163)==176
getDepDepth(152)==158
getDepDepth(100)==121
getDepDepth(112)==168
getInstDeps(166)=={151,151}
getInstDeps(61)=={45,31}
getInstDeps(102)=={38,71}
getInstDeps(110)=={55,23}
getInstDeps(20)=={12,-1}
getInstDeps(29)=={23,12}
getDepDepth(181)==202
getInstDeps(163)=={134,96}
getDepDepth(2)==0
getInstDeps(140)=={55,133}
getInstDeps(154)=={44,152}
getDepDepth(41)==37
getInstDeps(62)=={38,59}
getInstDeps(139)=={83,126}
getInstDeps(20)=={12,-1}
getInstDeps(143)=={139,107}
getInstDeps(14)=={-1,-1}
getDepDepth(81)==102
getInstDeps(14)=={-1,-1}
getInstDeps(136)=={34,125}
getInstDeps(56)=={19,26}
getInstDeps(6)=={-1,-1}
getDepDepth(182)==195
getInstDeps(25)=={-1,-1}
getDepDepth(156)==179
getDepDepth(99)==145
getDepDepth(60)==56
getDepDepth(61)==63
getInstDeps(157)=={111,140}
getDepDepth(27)==17
getInstDeps(171)=={152,140}
getInstDeps(168)=={142,163}
getInstDeps(150)=={118,69}
getDepDepth(27)==17
getDepDepth(196)==193
getDepDepth(179)==189
getDepDepth(149)==174
getDepDepth(186)==218
getDepDepth(83)==123
getDepDepth(77)==36
getInstDeps(54)=={16,4}
getDepDepth(132)==141
getInstDeps(129)=={34,63}
getDepDepth(37)==31
getDepDepth(183)==228
getDepDepth(134)==171
getDepDepth(14)==0
getDepDepth(199)==245
getInstDeps(90)=={72,86}
getDepDepth(187)==202
getDepDepth(131)==163
getDepDepth(8)==5
getDepDepth(49)==84
getDepDepth(192)==186
getDepDepth(68)==31
getDepDepth(106)==134
getDepDepth(25)==0
getInstDeps(29)=={23,12}
getDepDepth(53)==60
getInstDeps(130)=={119,47}
getInstDeps(120)=={40,96}
getInstDeps(152)=={141,107}
getInstDeps(47)=={8,3}
getInstDeps(178)=={83,140}
getDepDepth(178)==188
getDepDepth(79)==35
getDepDepth(93)==132
getInstDeps(142)=={96,44}
getDepDepth(84)==102
getInstDeps(41)=={31,23}
getInstDeps(73)=={4,28}
getDepDepth(22)==0
getInstDeps(178)=={83,140}
getDepDepth(92)==109
getDepDepth(125)==117
getInstDeps(79)=={44,4}
getInstDeps(191)=={163,164}
getInstDeps(49)=={34,45}
getDepDepth(71)==36
getInstDeps(116)=={47,108}
getInstDeps(22)=={-1,-1}
getDepDepth(42)==99
getDepDepth(177)==200
getInstDeps(95)=={35,31}
getInstDeps(83)=={21,70}
getDepDepth(13)==0
getInstDeps(8)=={-1,2}
getInstDeps(30)=={-1,29}
getInstDeps(115)=={88,36}
getInstDeps(173)=={169,162}
getInstDeps(81)=={66,55}
getInstDeps(133)=={95,119}
getDepDepth(109)==145
getDepDepth(13)==0
getInstDeps(24)=={-1,20}
getDepDepth(162)==170
getInstDeps(172)=={107,139}
getDepDepth(194)==189
getDepDepth(128)==189
getDepDepth(92)==109
getInstDeps(126)=={63,72}
getDepDepth(150)==163
getDepDepth(58)==35
getDepDepth(167)==189
getDepDepth(8)==5
getInstDeps(74)=={66,40}
getDepDepth(71)==36
getDepDepth(73)==31
getDepDepth(116)==172
getDepDepth(139)==140
getDepDepth(83)==123
getDepDepth(182)==195
getDepDepth(193)==228
number of false dependencies for register[0] is 0
number of false dependencies for register[1] is 1
number of false dependencies for register[2] is 0
number of false dependencies for register[3] is 1
number of false dependencies for register[4] is 0
number of false dependencies for register[5] is 0
number of false dependencies for register[6] is 0
number of false dependencies for register[7] is 0
number of false dependencies for register[8] is 1
number of false dependencies for register[9] is 0
number of false dependencies for register[10] is 1
number of false dependencies for register[11] is 0
number of false dependencies for register[12] is 1
number of false dependencies for register[13] is 0
number of false dependencies for register[14] is 0
number of false dependencies for register[15] is 0
number of false dependencies for register[16] is 0
number of false dependencies for register[17] is 1
number of false dependencies for register[18] is 0
number of false dependencies for register[19] is 0
number of false dependencies for register[20] is 0
number of false dependencies for register[21] is 0
number of false dependencies for register[22] is 1
number of false dependencies for register[23] is 2
number of false dependencies for register[24] is 0
number of false dependencies for register[25] is 1
number of false dependencies for register[26] is 1
number of false dependencies for register[27] is 1
number of false dependencies for register[28] is 0
number of false dependencies for register[29] is 2
number of false dependencies for register[30] is 0
number of false dependencies for register[31] is 0
