Reading the opcodes latency info from tests/test303.dat ... Got latency for 9 opcodes
Reading the program file tests/test303.in ... Found 200 instructions
getProgDepth()==270
getInstDeps(115)=={96,33}
getDepDepth(173)==231
getInstDeps(154)=={110,144}
getDepDepth(27)==26
getInstDeps(44)=={26,37}
getInstDeps(171)=={152,167}
getInstDeps(79)=={-1,65}
getDepDepth(86)==36
getInstDeps(191)=={152,184}
getDepDepth(46)==29
getDepDepth(54)==36
getDepDepth(64)==95
getInstDeps(80)=={29,72}
getDepDepth(91)==121
getInstDeps(82)=={-1,-1}
getDepDepth(62)==64
getDepDepth(56)==99
getDepDepth(177)==244
getDepDepth(79)==121
getInstDeps(152)=={115,127}
getDepDepth(28)==26
getInstDeps(181)=={126,145}
getDepDepth(136)==172
getDepDepth(63)==53
getDepDepth(119)==94
getDepDepth(147)==147
getDepDepth(131)==172
getInstDeps(145)=={124,130}
getDepDepth(2)==0
getInstDeps(102)=={24,101}
getDepDepth(10)==0
getDepDepth(127)==64
getDepDepth(123)==147
getDepDepth(163)==153
getDepDepth(184)==184
getDepDepth(22)==26
getInstDeps(162)=={152,123}
getDepDepth(44)==52
getDepDepth(5)==0
getInstDeps(18)=={-1,2}
getDepDepth(147)==147
number of false dependencies for register[0] is 1
number of false dependencies for register[1] is 0
number of false dependencies for register[2] is 0
number of false dependencies for register[3] is 0
number of false dependencies for register[4] is 0
number of false dependencies for register[5] is 0
number of false dependencies for register[6] is 0
number of false dependencies for register[7] is 0
number of false dependencies for register[8] is 2
number of false dependencies for register[9] is 0
number of false dependencies for register[10] is 0
number of false dependencies for register[11] is 1
number of false dependencies for register[12] is 0
number of false dependencies for register[13] is 0
number of false dependencies for register[14] is 1
number of false dependencies for register[15] is 1
number of false dependencies for register[16] is 1
number of false dependencies for register[17] is 2
number of false dependencies for register[18] is 0
number of false dependencies for register[19] is 0
number of false dependencies for register[20] is 0
number of false dependencies for register[21] is 0
number of false dependencies for register[22] is 0
number of false dependencies for register[23] is 1
number of false dependencies for register[24] is 0
number of false dependencies for register[25] is 0
number of false dependencies for register[26] is 0
number of false dependencies for register[27] is 1
number of false dependencies for register[28] is 2
number of false dependencies for register[29] is 3
number of false dependencies for register[30] is 0
number of false dependencies for register[31] is 0
