Reading the opcodes latency info from tests/test89.dat ... Got latency for 9 opcodes
Reading the program file tests/test89.in ... Found 200 instructions
getProgDepth()==243
getInstDeps(164)=={159,159}
getDepDepth(123)==140
getInstDeps(33)=={8,12}
getDepDepth(30)==24
getInstDeps(20)=={-1,-1}
getInstDeps(87)=={48,58}
getDepDepth(164)==196
getDepDepth(61)==79
getDepDepth(178)==151
getDepDepth(176)==188
getInstDeps(130)=={91,119}
getInstDeps(136)=={119,117}
getInstDeps(44)=={-1,35}
getDepDepth(73)==92
getInstDeps(54)=={46,-1}
getInstDeps(167)=={157,166}
getInstDeps(83)=={80,22}
getDepDepth(175)==179
getDepDepth(82)==109
getDepDepth(81)==123
getDepDepth(199)==220
getInstDeps(34)=={-1,-1}
getInstDeps(98)=={95,92}
getInstDeps(69)=={35,66}
getDepDepth(66)==39
getInstDeps(92)=={77,90}
getDepDepth(111)==94
getDepDepth(18)==0
getDepDepth(44)==30
getInstDeps(24)=={16,8}
getDepDepth(112)==117
getDepDepth(79)==30
getInstDeps(7)=={6,-1}
getInstDeps(68)=={45,55}
getDepDepth(184)==188
getDepDepth(137)==107
getDepDepth(9)==2
getInstDeps(48)=={20,37}
getInstDeps(181)=={179,157}
getDepDepth(197)==201
getInstDeps(60)=={-1,46}
getInstDeps(93)=={48,88}
getDepDepth(107)==85
getInstDeps(89)=={69,65}
getDepDepth(156)==142
getDepDepth(26)==39
getInstDeps(131)=={119,88}
getDepDepth(91)==81
getDepDepth(168)==183
getDepDepth(30)==24
getDepDepth(76)==100
getInstDeps(160)=={75,131}
getDepDepth(67)==79
getDepDepth(180)==183
getInstDeps(123)=={103,102}
getDepDepth(194)==207
getInstDeps(43)=={-1,-1}
number of false dependencies for register[0] is 2
number of false dependencies for register[1] is 0
number of false dependencies for register[2] is 1
number of false dependencies for register[3] is 0
number of false dependencies for register[4] is 0
number of false dependencies for register[5] is 0
number of false dependencies for register[6] is 1
number of false dependencies for register[7] is 2
number of false dependencies for register[8] is 0
number of false dependencies for register[9] is 1
number of false dependencies for register[10] is 0
number of false dependencies for register[11] is 1
number of false dependencies for register[12] is 0
number of false dependencies for register[13] is 0
number of false dependencies for register[14] is 0
number of false dependencies for register[15] is 1
number of false dependencies for register[16] is 0
number of false dependencies for register[17] is 0
number of false dependencies for register[18] is 2
number of false dependencies for register[19] is 2
number of false dependencies for register[20] is 0
number of false dependencies for register[21] is 2
number of false dependencies for register[22] is 0
number of false dependencies for register[23] is 0
number of false dependencies for register[24] is 1
number of false dependencies for register[25] is 1
number of false dependencies for register[26] is 0
number of false dependencies for register[27] is 2
number of false dependencies for register[28] is 3
number of false dependencies for register[29] is 0
number of false dependencies for register[30] is 0
number of false dependencies for register[31] is 0
