Reading the opcodes latency info from tests/test322.dat ... Got latency for 9 opcodes
Reading the program file tests/test322.in ... Found 200 instructions
getProgDepth()==257
getDepDepth(48)==35
getInstDeps(54)=={22,17}
getDepDepth(195)==236
getDepDepth(160)==207
getInstDeps(180)=={140,140}
getDepDepth(13)==3
getDepDepth(50)==0
getInstDeps(197)=={169,194}
getInstDeps(87)=={69,78}
getDepDepth(167)==197
getDepDepth(83)==131
getDepDepth(50)==0
getDepDepth(91)==113
getDepDepth(47)==0
getInstDeps(181)=={176,173}
getInstDeps(15)=={-1,-1}
getDepDepth(127)==139
getInstDeps(102)=={53,-1}
getDepDepth(55)==76
getDepDepth(199)==221
getInstDeps(199)=={194,181}
getInstDeps(49)=={40,41}
getDepDepth(95)==122
getDepDepth(174)==209
getInstDeps(152)=={53,40}
getDepDepth(90)==100
getDepDepth(61)==60
getDepDepth(195)==236
getInstDeps(143)=={110,104}
getDepDepth(120)==63
getInstDeps(149)=={40,114}
getInstDeps(91)=={77,46}
getDepDepth(0)==0
number of false dependencies for register[0] is 0
number of false dependencies for register[1] is 0
number of false dependencies for register[2] is 0
number of false dependencies for register[3] is 1
number of false dependencies for register[4] is 1
number of false dependencies for register[5] is 0
number of false dependencies for register[6] is 0
number of false dependencies for register[7] is 1
number of false dependencies for register[8] is 0
number of false dependencies for register[9] is 2
number of false dependencies for register[10] is 0
number of false dependencies for register[11] is 0
number of false dependencies for register[12] is 2
number of false dependencies for register[13] is 0
number of false dependencies for register[14] is 0
number of false dependencies for register[15] is 1
number of false dependencies for register[16] is 1
number of false dependencies for register[17] is 0
number of false dependencies for register[18] is 0
number of false dependencies for register[19] is 0
number of false dependencies for register[20] is 1
number of false dependencies for register[21] is 0
number of false dependencies for register[22] is 1
number of false dependencies for register[23] is 0
number of false dependencies for register[24] is 0
number of false dependencies for register[25] is 2
number of false dependencies for register[26] is 1
number of false dependencies for register[27] is 0
number of false dependencies for register[28] is 1
number of false dependencies for register[29] is 0
number of false dependencies for register[30] is 2
number of false dependencies for register[31] is 0
