Reading the opcodes latency info from tests/test253.dat ... Got latency for 9 opcodes
Reading the program file tests/test253.in ... Found 200 instructions
getProgDepth()==276
getInstDeps(186)=={183,109}
getDepDepth(121)==139
getDepDepth(22)==28
getInstDeps(79)=={29,43}
getDepDepth(73)==62
getDepDepth(60)==65
getInstDeps(5)=={-1,0}
getDepDepth(80)==89
getInstDeps(184)=={170,165}
getDepDepth(119)==111
getDepDepth(128)==174
getDepDepth(54)==30
getDepDepth(97)==142
getDepDepth(37)==11
getInstDeps(54)=={39,26}
getDepDepth(98)==95
getDepDepth(50)==42
getInstDeps(139)=={56,134}
getDepDepth(46)==5
getInstDeps(193)=={182,141}
getInstDeps(161)=={109,144}
getDepDepth(82)==89
getDepDepth(159)==189
getInstDeps(161)=={109,144}
getDepDepth(85)==91
getInstDeps(76)=={75,33}
getDepDepth(1)==0
getInstDeps(53)=={23,38}
getDepDepth(112)==147
getInstDeps(117)=={110,101}
getDepDepth(4)==0
getInstDeps(140)=={118,78}
getDepDepth(111)==155
getDepDepth(190)==252
getInstDeps(94)=={43,55}
getInstDeps(38)=={32,28}
getInstDeps(57)=={-1,34}
getInstDeps(143)=={141,138}
getDepDepth(24)==26
getInstDeps(176)=={164,109}
getDepDepth(178)==230
getDepDepth(168)==113
getInstDeps(48)=={21,33}
getInstDeps(96)=={-1,94}
getInstDeps(59)=={58,52}
getDepDepth(164)==178
getInstDeps(108)=={78,8}
getDepDepth(101)==95
number of false dependencies for register[0] is 1
number of false dependencies for register[1] is 1
number of false dependencies for register[2] is 0
number of false dependencies for register[3] is 1
number of false dependencies for register[4] is 0
number of false dependencies for register[5] is 1
number of false dependencies for register[6] is 0
number of false dependencies for register[7] is 0
number of false dependencies for register[8] is 1
number of false dependencies for register[9] is 0
number of false dependencies for register[10] is 0
number of false dependencies for register[11] is 0
number of false dependencies for register[12] is 0
number of false dependencies for register[13] is 1
number of false dependencies for register[14] is 3
number of false dependencies for register[15] is 2
number of false dependencies for register[16] is 1
number of false dependencies for register[17] is 0
number of false dependencies for register[18] is 1
number of false dependencies for register[19] is 1
number of false dependencies for register[20] is 1
number of false dependencies for register[21] is 0
number of false dependencies for register[22] is 0
number of false dependencies for register[23] is 0
number of false dependencies for register[24] is 0
number of false dependencies for register[25] is 0
number of false dependencies for register[26] is 0
number of false dependencies for register[27] is 0
number of false dependencies for register[28] is 0
number of false dependencies for register[29] is 0
number of false dependencies for register[30] is 0
number of false dependencies for register[31] is 2
