Reading the opcodes latency info from tests/test254.dat ... Got latency for 9 opcodes
Reading the program file tests/test254.in ... Found 200 instructions
getProgDepth()==273
getDepDepth(0)==0
getInstDeps(165)=={151,137}
getDepDepth(141)==172
getInstDeps(153)=={112,140}
getInstDeps(35)=={-1,17}
getInstDeps(66)=={9,13}
getDepDepth(120)==119
getInstDeps(139)=={133,133}
getInstDeps(133)=={123,124}
getInstDeps(116)=={56,102}
getDepDepth(10)==0
getDepDepth(162)==212
getInstDeps(93)=={72,92}
getDepDepth(1)==0
getDepDepth(123)==179
getInstDeps(66)=={9,13}
getDepDepth(199)==259
getDepDepth(38)==100
getInstDeps(133)=={123,124}
getInstDeps(48)=={45,-1}
getInstDeps(181)=={112,156}
getInstDeps(173)=={148,157}
getInstDeps(174)=={82,63}
getDepDepth(108)==178
getInstDeps(37)=={26,-1}
getInstDeps(172)=={143,146}
getInstDeps(69)=={49,65}
getDepDepth(62)==59
getInstDeps(77)=={58,64}
getDepDepth(23)==9
getInstDeps(160)=={129,105}
getDepDepth(195)==248
getDepDepth(13)==7
getInstDeps(112)=={99,102}
getInstDeps(179)=={82,126}
getDepDepth(36)==77
getDepDepth(23)==9
getInstDeps(175)=={146,154}
getInstDeps(100)=={-1,58}
getDepDepth(59)==39
getDepDepth(113)==39
getDepDepth(129)==189
getInstDeps(190)=={137,140}
getInstDeps(51)=={32,-1}
getInstDeps(181)=={112,156}
getInstDeps(121)=={95,109}
getInstDeps(160)=={129,105}
getInstDeps(44)=={-1,-1}
getDepDepth(84)==135
getDepDepth(132)==197
getInstDeps(182)=={118,177}
getInstDeps(18)=={15,13}
getInstDeps(159)=={127,93}
getDepDepth(39)==23
getDepDepth(58)==88
getDepDepth(52)==19
getInstDeps(48)=={45,-1}
getInstDeps(160)=={129,105}
getDepDepth(72)==26
getInstDeps(177)=={176,169}
getInstDeps(90)=={38,9}
getInstDeps(100)=={-1,58}
getDepDepth(25)==51
getInstDeps(76)=={56,70}
getInstDeps(96)=={72,82}
getInstDeps(199)=={173,182}
getInstDeps(62)=={20,50}
getDepDepth(104)==142
getDepDepth(89)==111
getDepDepth(158)==208
getInstDeps(37)=={26,-1}
getInstDeps(69)=={49,65}
getDepDepth(30)==34
getInstDeps(126)=={123,52}
getInstDeps(196)=={192,156}
getDepDepth(141)==172
getDepDepth(134)==208
getDepDepth(98)==134
getDepDepth(191)==224
getDepDepth(163)==210
getInstDeps(103)=={63,89}
getInstDeps(80)=={76,35}
getInstDeps(65)=={58,64}
getInstDeps(98)=={89,63}
getDepDepth(110)==174
getInstDeps(153)=={112,140}
getDepDepth(157)==203
getInstDeps(188)=={157,177}
getDepDepth(64)==111
getInstDeps(171)=={149,109}
getInstDeps(115)=={105,52}
getDepDepth(189)==254
getDepDepth(179)==203
getInstDeps(35)=={-1,17}
getInstDeps(127)=={119,52}
getDepDepth(76)==119
getInstDeps(79)=={70,26}
getDepDepth(191)==224
getInstDeps(52)=={13,28}
getInstDeps(165)=={151,137}
getDepDepth(83)==119
getInstDeps(112)=={99,102}
getDepDepth(11)==0
getDepDepth(108)==178
getDepDepth(154)==208
getDepDepth(184)==231
getDepDepth(72)==26
getInstDeps(80)=={76,35}
getDepDepth(101)==167
getDepDepth(195)==248
getDepDepth(103)==134
number of false dependencies for register[0] is 0
number of false dependencies for register[1] is 0
number of false dependencies for register[2] is 2
number of false dependencies for register[3] is 1
number of false dependencies for register[4] is 1
number of false dependencies for register[5] is 2
number of false dependencies for register[6] is 0
number of false dependencies for register[7] is 1
number of false dependencies for register[8] is 1
number of false dependencies for register[9] is 0
number of false dependencies for register[10] is 0
number of false dependencies for register[11] is 0
number of false dependencies for register[12] is 0
number of false dependencies for register[13] is 0
number of false dependencies for register[14] is 1
number of false dependencies for register[15] is 0
number of false dependencies for register[16] is 0
number of false dependencies for register[17] is 0
number of false dependencies for register[18] is 0
number of false dependencies for register[19] is 0
number of false dependencies for register[20] is 1
number of false dependencies for register[21] is 0
number of false dependencies for register[22] is 0
number of false dependencies for register[23] is 3
number of false dependencies for register[24] is 0
number of false dependencies for register[25] is 0
number of false dependencies for register[26] is 1
number of false dependencies for register[27] is 1
number of false dependencies for register[28] is 1
number of false dependencies for register[29] is 1
number of false dependencies for register[30] is 0
number of false dependencies for register[31] is 0
