Reading the opcodes latency info from tests/test189.dat ... Got latency for 9 opcodes
Reading the program file tests/test189.in ... Found 200 instructions
getProgDepth()==312
getInstDeps(9)=={8,5}
getDepDepth(154)==199
getInstDeps(193)=={162,186}
getDepDepth(26)==2
getDepDepth(196)==213
getInstDeps(93)=={64,22}
getInstDeps(89)=={77,64}
getDepDepth(58)==76
getDepDepth(35)==11
getInstDeps(60)=={54,51}
getInstDeps(146)=={139,90}
getInstDeps(40)=={10,26}
getInstDeps(14)=={11,-1}
getInstDeps(28)=={20,23}
getInstDeps(25)=={7,-1}
getInstDeps(66)=={39,58}
getDepDepth(86)==91
getDepDepth(110)==153
getDepDepth(115)==125
getDepDepth(45)==53
getDepDepth(111)==141
getInstDeps(33)=={-1,17}
getDepDepth(162)==189
getInstDeps(155)=={148,107}
getDepDepth(152)==269
getInstDeps(41)=={26,9}
getInstDeps(125)=={64,123}
getInstDeps(49)=={48,9}
getDepDepth(199)==268
getDepDepth(167)==197
getInstDeps(97)=={70,13}
getDepDepth(176)==164
getInstDeps(172)=={159,170}
getDepDepth(123)==204
getDepDepth(38)==19
getInstDeps(137)=={130,89}
getDepDepth(6)==0
getInstDeps(106)=={83,98}
getInstDeps(12)=={6,-1}
getDepDepth(45)==53
getInstDeps(81)=={68,69}
getDepDepth(167)==197
getInstDeps(198)=={170,193}
getDepDepth(110)==153
getDepDepth(72)==15
getDepDepth(100)==49
getInstDeps(89)=={77,64}
getInstDeps(52)=={39,13}
getDepDepth(0)==0
getInstDeps(77)=={35,33}
getInstDeps(84)=={-1,74}
getDepDepth(98)==142
getInstDeps(152)=={145,119}
getInstDeps(57)=={43,51}
getDepDepth(133)==60
getInstDeps(18)=={4,-1}
getDepDepth(166)==146
getDepDepth(180)==215
getDepDepth(150)==166
getInstDeps(192)=={159,163}
getDepDepth(147)==204
getInstDeps(116)=={91,98}
getInstDeps(103)=={66,101}
getInstDeps(143)=={90,128}
getInstDeps(127)=={109,102}
getDepDepth(132)==129
getInstDeps(40)=={10,26}
getInstDeps(63)=={-1,38}
getInstDeps(133)=={94,91}
getInstDeps(81)=={68,69}
getInstDeps(142)=={108,98}
getDepDepth(174)==165
getDepDepth(61)==55
getDepDepth(187)==256
getDepDepth(10)==25
getInstDeps(132)=={107,90}
getDepDepth(32)==77
getInstDeps(84)=={-1,74}
getInstDeps(175)=={141,152}
getDepDepth(61)==55
getDepDepth(185)==202
getInstDeps(199)=={191,196}
getInstDeps(0)=={-1,-1}
getInstDeps(86)=={44,65}
getInstDeps(57)=={43,51}
number of false dependencies for register[0] is 1
number of false dependencies for register[1] is 0
number of false dependencies for register[2] is 0
number of false dependencies for register[3] is 1
number of false dependencies for register[4] is 2
number of false dependencies for register[5] is 0
number of false dependencies for register[6] is 2
number of false dependencies for register[7] is 0
number of false dependencies for register[8] is 2
number of false dependencies for register[9] is 0
number of false dependencies for register[10] is 2
number of false dependencies for register[11] is 1
number of false dependencies for register[12] is 0
number of false dependencies for register[13] is 0
number of false dependencies for register[14] is 1
number of false dependencies for register[15] is 1
number of false dependencies for register[16] is 0
number of false dependencies for register[17] is 0
number of false dependencies for register[18] is 1
number of false dependencies for register[19] is 1
number of false dependencies for register[20] is 0
number of false dependencies for register[21] is 1
number of false dependencies for register[22] is 0
number of false dependencies for register[23] is 0
number of false dependencies for register[24] is 0
number of false dependencies for register[25] is 1
number of false dependencies for register[26] is 1
number of false dependencies for register[27] is 4
number of false dependencies for register[28] is 0
number of false dependencies for register[29] is 0
number of false dependencies for register[30] is 0
number of false dependencies for register[31] is 1
