Reading the opcodes latency info from tests/test170.dat ... Got latency for 9 opcodes
Reading the program file tests/test170.in ... Found 200 instructions
getProgDepth()==251
getInstDeps(180)=={154,162}
getDepDepth(120)==95
getInstDeps(46)=={41,43}
getDepDepth(143)==123
getInstDeps(0)=={-1,-1}
getDepDepth(168)==123
getDepDepth(111)==72
getDepDepth(46)==41
getInstDeps(191)=={88,131}
getInstDeps(10)=={-1,7}
getInstDeps(105)=={85,101}
getDepDepth(131)==104
getDepDepth(177)==172
getInstDeps(7)=={-1,-1}
getDepDepth(174)==189
getInstDeps(176)=={173,134}
getInstDeps(12)=={-1,-1}
getDepDepth(50)==0
getDepDepth(147)==111
getInstDeps(90)=={75,12}
getDepDepth(85)==55
getDepDepth(89)==65
getInstDeps(185)=={183,169}
getInstDeps(44)=={-1,-1}
getDepDepth(31)==3
getInstDeps(193)=={169,171}
getInstDeps(63)=={16,44}
getDepDepth(2)==0
getInstDeps(81)=={58,30}
getInstDeps(171)=={108,139}
getInstDeps(93)=={73,91}
getDepDepth(156)==187
getDepDepth(85)==55
getInstDeps(166)=={162,106}
getDepDepth(52)==13
getInstDeps(87)=={58,51}
getInstDeps(148)=={118,133}
getInstDeps(166)=={162,106}
getDepDepth(15)==22
getInstDeps(58)=={35,19}
number of false dependencies for register[0] is 0
number of false dependencies for register[1] is 0
number of false dependencies for register[2] is 0
number of false dependencies for register[3] is 0
number of false dependencies for register[4] is 2
number of false dependencies for register[5] is 0
number of false dependencies for register[6] is 2
number of false dependencies for register[7] is 1
number of false dependencies for register[8] is 2
number of false dependencies for register[9] is 0
number of false dependencies for register[10] is 1
number of false dependencies for register[11] is 0
number of false dependencies for register[12] is 0
number of false dependencies for register[13] is 0
number of false dependencies for register[14] is 0
number of false dependencies for register[15] is 3
number of false dependencies for register[16] is 0
number of false dependencies for register[17] is 1
number of false dependencies for register[18] is 1
number of false dependencies for register[19] is 3
number of false dependencies for register[20] is 1
number of false dependencies for register[21] is 1
number of false dependencies for register[22] is 0
number of false dependencies for register[23] is 0
number of false dependencies for register[24] is 1
number of false dependencies for register[25] is 0
number of false dependencies for register[26] is 0
number of false dependencies for register[27] is 0
number of false dependencies for register[28] is 0
number of false dependencies for register[29] is 3
number of false dependencies for register[30] is 1
number of false dependencies for register[31] is 0
