Reading the opcodes latency info from tests/test88.dat ... Got latency for 9 opcodes
Reading the program file tests/test88.in ... Found 200 instructions
getProgDepth()==299
getInstDeps(150)=={114,116}
getInstDeps(17)=={13,-1}
getInstDeps(86)=={85,60}
getInstDeps(86)=={85,60}
getDepDepth(170)==97
getInstDeps(148)=={118,86}
getDepDepth(171)==233
getDepDepth(1)==0
getDepDepth(121)==199
getDepDepth(91)==157
getDepDepth(25)==36
getDepDepth(99)==172
getInstDeps(165)=={145,114}
getInstDeps(70)=={10,68}
getDepDepth(47)==36
getInstDeps(97)=={70,68}
getInstDeps(27)=={23,20}
getDepDepth(18)==0
getInstDeps(189)=={178,153}
getInstDeps(107)=={90,56}
getDepDepth(46)==0
getInstDeps(62)=={61,-1}
getInstDeps(22)=={13,14}
getInstDeps(82)=={55,56}
getInstDeps(61)=={51,-1}
getInstDeps(164)=={86,65}
getInstDeps(119)=={113,110}
getInstDeps(184)=={143,177}
getInstDeps(79)=={72,62}
getDepDepth(27)==55
getDepDepth(115)==172
getDepDepth(106)==177
getInstDeps(92)=={79,56}
getDepDepth(19)==9
getDepDepth(154)==67
getDepDepth(155)==197
getInstDeps(85)=={-1,62}
getDepDepth(68)==43
getInstDeps(53)=={50,20}
getInstDeps(72)=={-1,50}
getInstDeps(190)=={109,95}
getDepDepth(109)==201
getInstDeps(34)=={12,-1}
getInstDeps(145)=={144,137}
getDepDepth(168)==199
getDepDepth(171)==233
getDepDepth(11)==9
getInstDeps(168)=={167,141}
getDepDepth(26)==22
getInstDeps(49)=={48,39}
getInstDeps(105)=={10,65}
getInstDeps(80)=={56,62}
getInstDeps(181)=={60,159}
getInstDeps(10)=={9,-1}
getInstDeps(133)=={99,86}
getInstDeps(131)=={76,56}
getInstDeps(22)=={13,14}
getInstDeps(69)=={5,12}
getInstDeps(161)=={39,92}
getInstDeps(55)=={53,52}
getInstDeps(163)=={154,162}
number of false dependencies for register[0] is 1
number of false dependencies for register[1] is 1
number of false dependencies for register[2] is 3
number of false dependencies for register[3] is 1
number of false dependencies for register[4] is 1
number of false dependencies for register[5] is 1
number of false dependencies for register[6] is 0
number of false dependencies for register[7] is 1
number of false dependencies for register[8] is 1
number of false dependencies for register[9] is 0
number of false dependencies for register[10] is 1
number of false dependencies for register[11] is 1
number of false dependencies for register[12] is 1
number of false dependencies for register[13] is 1
number of false dependencies for register[14] is 0
number of false dependencies for register[15] is 0
number of false dependencies for register[16] is 1
number of false dependencies for register[17] is 3
number of false dependencies for register[18] is 0
number of false dependencies for register[19] is 1
number of false dependencies for register[20] is 0
number of false dependencies for register[21] is 0
number of false dependencies for register[22] is 1
number of false dependencies for register[23] is 0
number of false dependencies for register[24] is 0
number of false dependencies for register[25] is 1
number of false dependencies for register[26] is 0
number of false dependencies for register[27] is 0
number of false dependencies for register[28] is 1
number of false dependencies for register[29] is 2
number of false dependencies for register[30] is 2
number of false dependencies for register[31] is 1
