Reading the opcodes latency info from tests/test52.dat ... Got latency for 9 opcodes
Reading the program file tests/test52.in ... Found 200 instructions
getProgDepth()==266
getDepDepth(117)==103
getInstDeps(109)=={95,102}
getInstDeps(97)=={90,94}
getInstDeps(168)=={159,140}
getInstDeps(95)=={60,94}
getInstDeps(117)=={110,12}
getInstDeps(79)=={78,61}
getDepDepth(130)==67
getDepDepth(72)==10
getDepDepth(166)==88
getDepDepth(183)==183
getInstDeps(104)=={68,60}
getInstDeps(46)=={17,13}
getDepDepth(106)==114
getDepDepth(192)==216
getInstDeps(56)=={14,-1}
getInstDeps(85)=={61,75}
getDepDepth(4)==0
getInstDeps(6)=={-1,-1}
getDepDepth(191)==126
getDepDepth(184)==223
getInstDeps(104)=={68,60}
getDepDepth(44)==10
getDepDepth(9)==0
getInstDeps(153)=={103,141}
getDepDepth(173)==193
getDepDepth(151)==145
getDepDepth(84)==31
getInstDeps(196)=={178,172}
getDepDepth(9)==0
getDepDepth(79)==101
getDepDepth(3)==0
getInstDeps(10)=={-1,-1}
getInstDeps(174)=={167,172}
getDepDepth(179)==197
getDepDepth(107)==64
getDepDepth(131)==81
getDepDepth(17)==4
getInstDeps(87)=={61,68}
getDepDepth(91)==78
getDepDepth(150)==171
getInstDeps(40)=={17,26}
number of false dependencies for register[0] is 0
number of false dependencies for register[1] is 0
number of false dependencies for register[2] is 0
number of false dependencies for register[3] is 1
number of false dependencies for register[4] is 1
number of false dependencies for register[5] is 1
number of false dependencies for register[6] is 0
number of false dependencies for register[7] is 0
number of false dependencies for register[8] is 0
number of false dependencies for register[9] is 2
number of false dependencies for register[10] is 1
number of false dependencies for register[11] is 0
number of false dependencies for register[12] is 0
number of false dependencies for register[13] is 2
number of false dependencies for register[14] is 1
number of false dependencies for register[15] is 0
number of false dependencies for register[16] is 0
number of false dependencies for register[17] is 1
number of false dependencies for register[18] is 1
number of false dependencies for register[19] is 1
number of false dependencies for register[20] is 0
number of false dependencies for register[21] is 1
number of false dependencies for register[22] is 1
number of false dependencies for register[23] is 0
number of false dependencies for register[24] is 1
number of false dependencies for register[25] is 0
number of false dependencies for register[26] is 1
number of false dependencies for register[27] is 0
number of false dependencies for register[28] is 2
number of false dependencies for register[29] is 1
number of false dependencies for register[30] is 0
number of false dependencies for register[31] is 3
