Reading the opcodes latency info from tests/test16.dat ... Got latency for 9 opcodes
Reading the program file tests/test16.in ... Found 200 instructions
getProgDepth()==186
getDepDepth(188)==158
getInstDeps(28)=={-1,23}
getInstDeps(91)=={40,61}
getInstDeps(33)=={-1,28}
getDepDepth(54)==64
getDepDepth(167)==107
getInstDeps(135)=={133,133}
getDepDepth(186)==118
getDepDepth(197)==130
getDepDepth(166)==84
getInstDeps(165)=={123,161}
getDepDepth(112)==96
getInstDeps(114)=={113,21}
getInstDeps(84)=={77,66}
getDepDepth(64)==37
getInstDeps(193)=={126,179}
getDepDepth(33)==32
getDepDepth(28)==19
getInstDeps(31)=={-1,-1}
getDepDepth(14)==0
getInstDeps(193)=={126,179}
getInstDeps(36)=={29,30}
getInstDeps(138)=={121,125}
getInstDeps(47)=={10,31}
getDepDepth(193)==148
getDepDepth(89)==87
getDepDepth(189)==141
getDepDepth(111)==96
getInstDeps(159)=={130,155}
getInstDeps(169)=={101,139}
getDepDepth(75)==60
getInstDeps(143)=={68,127}
getInstDeps(139)=={101,100}
getDepDepth(21)==25
getDepDepth(62)==73
getInstDeps(20)=={7,-1}
getInstDeps(141)=={127,130}
getInstDeps(171)=={168,139}
getDepDepth(75)==60
getDepDepth(3)==0
getDepDepth(30)==25
getInstDeps(10)=={6,-1}
number of false dependencies for register[0] is 3
number of false dependencies for register[1] is 0
number of false dependencies for register[2] is 3
number of false dependencies for register[3] is 0
number of false dependencies for register[4] is 1
number of false dependencies for register[5] is 1
number of false dependencies for register[6] is 0
number of false dependencies for register[7] is 2
number of false dependencies for register[8] is 2
number of false dependencies for register[9] is 0
number of false dependencies for register[10] is 0
number of false dependencies for register[11] is 2
number of false dependencies for register[12] is 0
number of false dependencies for register[13] is 1
number of false dependencies for register[14] is 0
number of false dependencies for register[15] is 0
number of false dependencies for register[16] is 0
number of false dependencies for register[17] is 0
number of false dependencies for register[18] is 2
number of false dependencies for register[19] is 2
number of false dependencies for register[20] is 0
number of false dependencies for register[21] is 1
number of false dependencies for register[22] is 0
number of false dependencies for register[23] is 2
number of false dependencies for register[24] is 1
number of false dependencies for register[25] is 1
number of false dependencies for register[26] is 1
number of false dependencies for register[27] is 0
number of false dependencies for register[28] is 2
number of false dependencies for register[29] is 1
number of false dependencies for register[30] is 1
number of false dependencies for register[31] is 0
