Reading the opcodes latency info from tests/test36.dat ... Got latency for 9 opcodes
Reading the program file tests/test36.in ... Found 200 instructions
getProgDepth()==239
getDepDepth(96)==126
getDepDepth(16)==14
getInstDeps(92)=={60,80}
getDepDepth(7)==7
getDepDepth(187)==224
getInstDeps(89)=={61,37}
getDepDepth(180)==131
getInstDeps(54)=={39,9}
getDepDepth(157)==173
getDepDepth(66)==22
getDepDepth(173)==188
getInstDeps(126)=={117,107}
getInstDeps(39)=={38,25}
getInstDeps(62)=={37,60}
getDepDepth(141)==131
getInstDeps(82)=={61,68}
getInstDeps(197)=={143,177}
getDepDepth(53)==2
getInstDeps(86)=={49,61}
getDepDepth(109)==74
getDepDepth(78)==86
getInstDeps(121)=={116,118}
getInstDeps(157)=={135,146}
getDepDepth(48)==55
getDepDepth(80)==103
getDepDepth(171)==176
getDepDepth(82)==110
getDepDepth(42)==2
getInstDeps(25)=={13,-1}
getDepDepth(90)==94
getDepDepth(153)==153
getDepDepth(115)==131
getDepDepth(194)==113
getDepDepth(111)==126
getDepDepth(187)==224
getDepDepth(190)==199
getInstDeps(172)=={143,131}
getInstDeps(27)=={24,5}
getInstDeps(99)=={48,57}
getDepDepth(40)==34
getDepDepth(98)==74
getDepDepth(88)==103
getDepDepth(142)==142
getInstDeps(54)=={39,9}
getDepDepth(163)==81
getInstDeps(59)=={51,53}
getInstDeps(82)=={61,68}
getInstDeps(149)=={145,142}
getDepDepth(152)==153
getDepDepth(14)==14
getInstDeps(2)=={-1,-1}
getInstDeps(94)=={12,83}
getDepDepth(118)==102
getDepDepth(180)==131
getInstDeps(16)=={-1,4}
getInstDeps(118)=={97,59}
getDepDepth(74)==93
getDepDepth(94)==46
getInstDeps(119)=={115,57}
getInstDeps(118)=={97,59}
getDepDepth(156)==155
getDepDepth(190)==199
getInstDeps(71)=={61,32}
getInstDeps(8)=={7,-1}
getDepDepth(11)==0
getInstDeps(36)=={9,-1}
getInstDeps(189)=={176,166}
getInstDeps(147)=={128,58}
getInstDeps(115)=={96,98}
getDepDepth(158)==183
getDepDepth(41)==69
getInstDeps(187)=={178,140}
getDepDepth(58)==78
getInstDeps(176)=={143,140}
number of false dependencies for register[0] is 0
number of false dependencies for register[1] is 1
number of false dependencies for register[2] is 0
number of false dependencies for register[3] is 0
number of false dependencies for register[4] is 0
number of false dependencies for register[5] is 1
number of false dependencies for register[6] is 0
number of false dependencies for register[7] is 0
number of false dependencies for register[8] is 0
number of false dependencies for register[9] is 0
number of false dependencies for register[10] is 0
number of false dependencies for register[11] is 1
number of false dependencies for register[12] is 0
number of false dependencies for register[13] is 0
number of false dependencies for register[14] is 2
number of false dependencies for register[15] is 2
number of false dependencies for register[16] is 0
number of false dependencies for register[17] is 1
number of false dependencies for register[18] is 0
number of false dependencies for register[19] is 3
number of false dependencies for register[20] is 1
number of false dependencies for register[21] is 0
number of false dependencies for register[22] is 0
number of false dependencies for register[23] is 0
number of false dependencies for register[24] is 0
number of false dependencies for register[25] is 0
number of false dependencies for register[26] is 0
number of false dependencies for register[27] is 0
number of false dependencies for register[28] is 1
number of false dependencies for register[29] is 0
number of false dependencies for register[30] is 0
number of false dependencies for register[31] is 0
