Reading the opcodes latency info from tests/test191.dat ... Got latency for 9 opcodes
Reading the program file tests/test191.in ... Found 200 instructions
getProgDepth()==211
getDepDepth(182)==152
getDepDepth(178)==66
getDepDepth(146)==119
getDepDepth(9)==17
getInstDeps(72)=={19,71}
getDepDepth(85)==76
getInstDeps(165)=={153,120}
getInstDeps(158)=={83,148}
getInstDeps(185)=={129,162}
getDepDepth(67)==42
getDepDepth(117)==61
getDepDepth(87)==74
getDepDepth(115)==121
getInstDeps(25)=={16,-1}
getDepDepth(182)==152
getInstDeps(192)=={184,152}
getDepDepth(21)==20
getInstDeps(155)=={128,114}
getDepDepth(166)==74
getDepDepth(168)==138
getInstDeps(45)=={23,-1}
getInstDeps(143)=={123,59}
getInstDeps(30)=={-1,4}
getInstDeps(122)=={36,86}
getInstDeps(101)=={99,94}
getInstDeps(158)=={83,148}
getDepDepth(47)==2
getDepDepth(137)==63
getInstDeps(27)=={7,21}
getInstDeps(30)=={-1,4}
getInstDeps(82)=={24,36}
getDepDepth(61)==32
getDepDepth(128)==90
getInstDeps(102)=={49,24}
getDepDepth(143)==110
getDepDepth(83)==23
getDepDepth(76)==37
getInstDeps(51)=={10,27}
getDepDepth(62)==17
getInstDeps(86)=={33,69}
getInstDeps(130)=={36,83}
getDepDepth(0)==0
getDepDepth(51)==60
getInstDeps(153)=={77,143}
number of false dependencies for register[0] is 1
number of false dependencies for register[1] is 0
number of false dependencies for register[2] is 0
number of false dependencies for register[3] is 0
number of false dependencies for register[4] is 0
number of false dependencies for register[5] is 0
number of false dependencies for register[6] is 3
number of false dependencies for register[7] is 0
number of false dependencies for register[8] is 1
number of false dependencies for register[9] is 0
number of false dependencies for register[10] is 0
number of false dependencies for register[11] is 0
number of false dependencies for register[12] is 2
number of false dependencies for register[13] is 1
number of false dependencies for register[14] is 2
number of false dependencies for register[15] is 1
number of false dependencies for register[16] is 2
number of false dependencies for register[17] is 1
number of false dependencies for register[18] is 0
number of false dependencies for register[19] is 2
number of false dependencies for register[20] is 0
number of false dependencies for register[21] is 1
number of false dependencies for register[22] is 0
number of false dependencies for register[23] is 0
number of false dependencies for register[24] is 0
number of false dependencies for register[25] is 1
number of false dependencies for register[26] is 0
number of false dependencies for register[27] is 0
number of false dependencies for register[28] is 0
number of false dependencies for register[29] is 0
number of false dependencies for register[30] is 1
number of false dependencies for register[31] is 0
