Reading the opcodes latency info from tests/test125.dat ... Got latency for 9 opcodes
Reading the program file tests/test125.in ... Found 200 instructions
getProgDepth()==257
getDepDepth(64)==60
getDepDepth(72)==29
getDepDepth(31)==17
getDepDepth(141)==143
getInstDeps(17)=={6,-1}
getDepDepth(104)==111
getInstDeps(179)=={173,166}
getDepDepth(51)==58
getInstDeps(150)=={149,132}
getInstDeps(36)=={-1,30}
getDepDepth(141)==143
getDepDepth(13)==3
getInstDeps(109)=={104,100}
getDepDepth(19)==17
getDepDepth(145)==122
getDepDepth(187)==185
getDepDepth(183)==139
getInstDeps(175)=={166,160}
getDepDepth(127)==102
getDepDepth(57)==34
getInstDeps(38)=={-1,34}
getInstDeps(113)=={79,111}
getInstDeps(130)=={118,47}
getInstDeps(14)=={-1,-1}
getDepDepth(159)==179
getDepDepth(183)==139
getDepDepth(145)==122
getInstDeps(32)=={21,26}
getDepDepth(159)==179
getDepDepth(73)==73
getInstDeps(152)=={57,151}
getDepDepth(97)==55
getDepDepth(193)==144
getInstDeps(81)=={57,57}
getDepDepth(105)==135
getInstDeps(14)=={-1,-1}
getDepDepth(130)==137
getDepDepth(104)==111
getInstDeps(100)=={68,47}
getInstDeps(111)=={109,104}
getInstDeps(41)=={-1,14}
getInstDeps(143)=={119,102}
getInstDeps(148)=={127,106}
getDepDepth(62)==43
getInstDeps(12)=={-1,-1}
getDepDepth(175)==188
getInstDeps(34)=={-1,33}
getInstDeps(123)=={106,101}
getInstDeps(104)=={80,84}
getInstDeps(189)=={155,145}
getDepDepth(2)==0
getDepDepth(164)==181
getInstDeps(19)=={13,14}
getInstDeps(81)=={57,57}
getDepDepth(199)==201
getInstDeps(57)=={45,-1}
getDepDepth(87)==8
getDepDepth(160)==149
getInstDeps(108)=={105,74}
getInstDeps(64)=={14,63}
getDepDepth(170)==149
getDepDepth(128)==128
getInstDeps(31)=={28,9}
getDepDepth(198)==238
getInstDeps(37)=={31,12}
getDepDepth(165)==137
getDepDepth(86)==75
getDepDepth(162)==149
getInstDeps(154)=={146,106}
getDepDepth(117)==138
getInstDeps(190)=={180,115}
getInstDeps(18)=={14,13}
number of false dependencies for register[0] is 0
number of false dependencies for register[1] is 0
number of false dependencies for register[2] is 0
number of false dependencies for register[3] is 0
number of false dependencies for register[4] is 2
number of false dependencies for register[5] is 1
number of false dependencies for register[6] is 1
number of false dependencies for register[7] is 0
number of false dependencies for register[8] is 1
number of false dependencies for register[9] is 0
number of false dependencies for register[10] is 0
number of false dependencies for register[11] is 1
number of false dependencies for register[12] is 1
number of false dependencies for register[13] is 0
number of false dependencies for register[14] is 0
number of false dependencies for register[15] is 0
number of false dependencies for register[16] is 0
number of false dependencies for register[17] is 1
number of false dependencies for register[18] is 1
number of false dependencies for register[19] is 1
number of false dependencies for register[20] is 0
number of false dependencies for register[21] is 1
number of false dependencies for register[22] is 1
number of false dependencies for register[23] is 0
number of false dependencies for register[24] is 0
number of false dependencies for register[25] is 0
number of false dependencies for register[26] is 1
number of false dependencies for register[27] is 0
number of false dependencies for register[28] is 0
number of false dependencies for register[29] is 1
number of false dependencies for register[30] is 0
number of false dependencies for register[31] is 0
