Reading the opcodes latency info from tests/test233.dat ... Got latency for 9 opcodes
Reading the program file tests/test233.in ... Found 200 instructions
getProgDepth()==268
getDepDepth(117)==127
getDepDepth(131)==129
getDepDepth(168)==174
getDepDepth(81)==61
getInstDeps(46)=={37,35}
getDepDepth(163)==163
getInstDeps(157)=={130,150}
getInstDeps(188)=={180,170}
getInstDeps(194)=={185,178}
getInstDeps(30)=={28,4}
getDepDepth(125)==85
getInstDeps(60)=={29,15}
getDepDepth(109)==106
getInstDeps(87)=={46,51}
getInstDeps(167)=={158,159}
getInstDeps(141)=={42,140}
getInstDeps(71)=={44,66}
getInstDeps(30)=={28,4}
getDepDepth(77)==55
getDepDepth(55)==37
getInstDeps(187)=={141,180}
getInstDeps(37)=={15,34}
getDepDepth(17)==0
getDepDepth(110)==89
getDepDepth(173)==187
getInstDeps(174)=={164,141}
getDepDepth(111)==72
getInstDeps(178)=={165,177}
getInstDeps(175)=={141,146}
getDepDepth(79)==69
getDepDepth(85)==55
getDepDepth(114)==114
getInstDeps(178)=={165,177}
getDepDepth(179)==156
getDepDepth(160)==173
getInstDeps(55)=={45,12}
getInstDeps(70)=={36,46}
getInstDeps(188)=={180,170}
getDepDepth(79)==69
getDepDepth(196)==237
getDepDepth(134)==167
getInstDeps(98)=={92,82}
getDepDepth(17)==0
getDepDepth(128)==69
getDepDepth(69)==38
getDepDepth(106)==84
number of false dependencies for register[0] is 2
number of false dependencies for register[1] is 0
number of false dependencies for register[2] is 0
number of false dependencies for register[3] is 0
number of false dependencies for register[4] is 0
number of false dependencies for register[5] is 0
number of false dependencies for register[6] is 2
number of false dependencies for register[7] is 0
number of false dependencies for register[8] is 3
number of false dependencies for register[9] is 0
number of false dependencies for register[10] is 0
number of false dependencies for register[11] is 1
number of false dependencies for register[12] is 0
number of false dependencies for register[13] is 1
number of false dependencies for register[14] is 1
number of false dependencies for register[15] is 3
number of false dependencies for register[16] is 0
number of false dependencies for register[17] is 1
number of false dependencies for register[18] is 0
number of false dependencies for register[19] is 0
number of false dependencies for register[20] is 1
number of false dependencies for register[21] is 1
number of false dependencies for register[22] is 2
number of false dependencies for register[23] is 0
number of false dependencies for register[24] is 0
number of false dependencies for register[25] is 1
number of false dependencies for register[26] is 0
number of false dependencies for register[27] is 0
number of false dependencies for register[28] is 0
number of false dependencies for register[29] is 0
number of false dependencies for register[30] is 0
number of false dependencies for register[31] is 0
