Reading the opcodes latency info from tests/test249.dat ... Got latency for 9 opcodes
Reading the program file tests/test249.in ... Found 200 instructions
getProgDepth()==270
getInstDeps(193)=={186,147}
getDepDepth(128)==142
getDepDepth(129)==68
getDepDepth(8)==19
getDepDepth(76)==7
getInstDeps(178)=={119,175}
getDepDepth(59)==0
getInstDeps(168)=={163,160}
getInstDeps(83)=={0,73}
getDepDepth(166)==198
getInstDeps(141)=={136,134}
getDepDepth(83)==104
getDepDepth(159)==198
getInstDeps(132)=={95,78}
getInstDeps(87)=={69,64}
getInstDeps(137)=={125,127}
getDepDepth(37)==45
getDepDepth(43)==5
getInstDeps(128)=={100,109}
getInstDeps(81)=={27,45}
getInstDeps(83)=={0,73}
getInstDeps(72)=={19,58}
getInstDeps(103)=={97,61}
getInstDeps(167)=={100,137}
getInstDeps(121)=={118,106}
getInstDeps(101)=={64,72}
getInstDeps(58)=={-1,54}
getDepDepth(69)==112
getInstDeps(181)=={171,153}
getInstDeps(177)=={119,152}
getInstDeps(13)=={-1,-1}
getDepDepth(23)==7
getInstDeps(45)=={-1,25}
getInstDeps(34)=={19,-1}
getDepDepth(186)==232
getInstDeps(77)=={55,62}
getDepDepth(128)==142
getDepDepth(28)==44
getInstDeps(88)=={85,79}
getInstDeps(32)=={29,-1}
getInstDeps(64)=={26,47}
number of false dependencies for register[0] is 1
number of false dependencies for register[1] is 0
number of false dependencies for register[2] is 2
number of false dependencies for register[3] is 0
number of false dependencies for register[4] is 1
number of false dependencies for register[5] is 1
number of false dependencies for register[6] is 0
number of false dependencies for register[7] is 0
number of false dependencies for register[8] is 1
number of false dependencies for register[9] is 0
number of false dependencies for register[10] is 0
number of false dependencies for register[11] is 0
number of false dependencies for register[12] is 0
number of false dependencies for register[13] is 1
number of false dependencies for register[14] is 0
number of false dependencies for register[15] is 0
number of false dependencies for register[16] is 1
number of false dependencies for register[17] is 1
number of false dependencies for register[18] is 0
number of false dependencies for register[19] is 0
number of false dependencies for register[20] is 0
number of false dependencies for register[21] is 1
number of false dependencies for register[22] is 2
number of false dependencies for register[23] is 0
number of false dependencies for register[24] is 0
number of false dependencies for register[25] is 1
number of false dependencies for register[26] is 2
number of false dependencies for register[27] is 0
number of false dependencies for register[28] is 1
number of false dependencies for register[29] is 2
number of false dependencies for register[30] is 2
number of false dependencies for register[31] is 1
