Reading the opcodes latency info from tests/test107.dat ... Got latency for 9 opcodes
Reading the program file tests/test107.in ... Found 200 instructions
getProgDepth()==255
getDepDepth(46)==61
getInstDeps(119)=={110,93}
getInstDeps(97)=={87,85}
getDepDepth(186)==195
getInstDeps(126)=={103,64}
getDepDepth(49)==50
getDepDepth(73)==53
getInstDeps(83)=={57,13}
getDepDepth(137)==164
getInstDeps(32)=={27,-1}
getDepDepth(173)==185
getInstDeps(163)=={117,68}
getInstDeps(184)=={151,125}
getDepDepth(173)==185
getDepDepth(118)==169
getDepDepth(127)==92
getInstDeps(151)=={150,117}
getInstDeps(142)=={124,128}
getInstDeps(109)=={58,71}
getDepDepth(7)==11
getInstDeps(148)=={117,146}
getInstDeps(144)=={117,125}
getDepDepth(160)==168
getDepDepth(156)==156
getDepDepth(67)==74
getDepDepth(177)==232
getInstDeps(14)=={5,1}
getInstDeps(188)=={134,181}
getDepDepth(120)==92
getDepDepth(101)==87
getInstDeps(109)=={58,71}
getInstDeps(143)=={124,49}
getInstDeps(177)=={171,64}
getDepDepth(77)==81
getDepDepth(170)==182
getInstDeps(48)=={31,20}
getInstDeps(136)=={49,101}
getDepDepth(68)==98
getDepDepth(195)==223
getDepDepth(191)==159
getInstDeps(183)=={153,166}
getInstDeps(125)=={115,116}
number of false dependencies for register[0] is 0
number of false dependencies for register[1] is 1
number of false dependencies for register[2] is 1
number of false dependencies for register[3] is 1
number of false dependencies for register[4] is 0
number of false dependencies for register[5] is 0
number of false dependencies for register[6] is 0
number of false dependencies for register[7] is 0
number of false dependencies for register[8] is 0
number of false dependencies for register[9] is 0
number of false dependencies for register[10] is 0
number of false dependencies for register[11] is 1
number of false dependencies for register[12] is 0
number of false dependencies for register[13] is 0
number of false dependencies for register[14] is 1
number of false dependencies for register[15] is 0
number of false dependencies for register[16] is 0
number of false dependencies for register[17] is 0
number of false dependencies for register[18] is 1
number of false dependencies for register[19] is 0
number of false dependencies for register[20] is 1
number of false dependencies for register[21] is 2
number of false dependencies for register[22] is 2
number of false dependencies for register[23] is 1
number of false dependencies for register[24] is 2
number of false dependencies for register[25] is 1
number of false dependencies for register[26] is 1
number of false dependencies for register[27] is 0
number of false dependencies for register[28] is 2
number of false dependencies for register[29] is 0
number of false dependencies for register[30] is 0
number of false dependencies for register[31] is 0
