Reading the opcodes latency info from tests/test42.dat ... Got latency for 9 opcodes
Reading the program file tests/test42.in ... Found 200 instructions
getProgDepth()==234
getDepDepth(185)==172
getDepDepth(16)==0
getInstDeps(66)=={61,-1}
getInstDeps(176)=={51,169}
getDepDepth(6)==7
getInstDeps(42)=={-1,35}
getInstDeps(69)=={27,67}
getInstDeps(52)=={9,50}
getInstDeps(59)=={19,46}
getInstDeps(45)=={23,18}
getInstDeps(111)=={105,78}
getDepDepth(115)==94
getInstDeps(76)=={60,66}
getInstDeps(186)=={51,161}
getInstDeps(168)=={51,130}
getInstDeps(188)=={170,183}
getInstDeps(31)=={-1,18}
getDepDepth(171)==121
getDepDepth(156)==107
getInstDeps(103)=={64,48}
getInstDeps(181)=={148,177}
getDepDepth(61)==19
getDepDepth(36)==0
getDepDepth(197)==205
getDepDepth(40)==9
getInstDeps(134)=={51,133}
getInstDeps(138)=={122,97}
getInstDeps(192)=={160,184}
getInstDeps(118)=={108,96}
getInstDeps(101)=={51,51}
getInstDeps(189)=={188,187}
getInstDeps(142)=={27,108}
getDepDepth(99)==78
getInstDeps(181)=={148,177}
getInstDeps(77)=={75,68}
getDepDepth(39)==0
getInstDeps(126)=={64,88}
getDepDepth(179)==135
getDepDepth(97)==77
getDepDepth(42)==12
getDepDepth(93)==85
getInstDeps(101)=={51,51}
getDepDepth(147)==167
getInstDeps(122)=={110,119}
getInstDeps(168)=={51,130}
getInstDeps(96)=={83,19}
getDepDepth(66)==21
getInstDeps(56)=={47,35}
number of false dependencies for register[0] is 0
number of false dependencies for register[1] is 1
number of false dependencies for register[2] is 0
number of false dependencies for register[3] is 0
number of false dependencies for register[4] is 0
number of false dependencies for register[5] is 1
number of false dependencies for register[6] is 1
number of false dependencies for register[7] is 0
number of false dependencies for register[8] is 1
number of false dependencies for register[9] is 3
number of false dependencies for register[10] is 0
number of false dependencies for register[11] is 2
number of false dependencies for register[12] is 0
number of false dependencies for register[13] is 0
number of false dependencies for register[14] is 0
number of false dependencies for register[15] is 0
number of false dependencies for register[16] is 0
number of false dependencies for register[17] is 2
number of false dependencies for register[18] is 0
number of false dependencies for register[19] is 1
number of false dependencies for register[20] is 1
number of false dependencies for register[21] is 1
number of false dependencies for register[22] is 1
number of false dependencies for register[23] is 0
number of false dependencies for register[24] is 0
number of false dependencies for register[25] is 0
number of false dependencies for register[26] is 1
number of false dependencies for register[27] is 1
number of false dependencies for register[28] is 0
number of false dependencies for register[29] is 0
number of false dependencies for register[30] is 0
number of false dependencies for register[31] is 0
