Reading the opcodes latency info from tests/test372.dat ... Got latency for 9 opcodes
Reading the program file tests/test372.in ... Found 200 instructions
getProgDepth()==260
getInstDeps(99)=={95,72}
getDepDepth(129)==151
getDepDepth(178)==201
getDepDepth(60)==52
getDepDepth(198)==238
getDepDepth(60)==52
getDepDepth(170)==152
getInstDeps(7)=={-1,-1}
getDepDepth(182)==201
getDepDepth(7)==0
getDepDepth(148)==164
getInstDeps(122)=={118,90}
getDepDepth(39)==77
getInstDeps(96)=={90,91}
getDepDepth(161)==171
getInstDeps(73)=={-1,9}
getInstDeps(195)=={117,155}
getInstDeps(179)=={146,172}
getDepDepth(4)==0
getDepDepth(122)==95
getInstDeps(36)=={9,-1}
getInstDeps(53)=={31,24}
getDepDepth(192)==208
getInstDeps(174)=={165,66}
getInstDeps(51)=={49,46}
getDepDepth(124)==161
getDepDepth(99)==137
getInstDeps(163)=={141,152}
getDepDepth(83)==88
getDepDepth(54)==32
getInstDeps(127)=={89,118}
getInstDeps(115)=={71,89}
getInstDeps(185)=={177,181}
getInstDeps(136)=={114,91}
getInstDeps(119)=={109,109}
getDepDepth(7)==0
getInstDeps(122)=={118,90}
getDepDepth(123)==167
getDepDepth(95)==132
getInstDeps(61)=={-1,39}
getDepDepth(150)==188
getInstDeps(58)=={57,55}
getDepDepth(62)==55
getDepDepth(10)==0
getInstDeps(19)=={17,-1}
getInstDeps(84)=={71,59}
getDepDepth(155)==164
number of false dependencies for register[0] is 1
number of false dependencies for register[1] is 1
number of false dependencies for register[2] is 0
number of false dependencies for register[3] is 1
number of false dependencies for register[4] is 3
number of false dependencies for register[5] is 0
number of false dependencies for register[6] is 0
number of false dependencies for register[7] is 1
number of false dependencies for register[8] is 1
number of false dependencies for register[9] is 0
number of false dependencies for register[10] is 0
number of false dependencies for register[11] is 0
number of false dependencies for register[12] is 0
number of false dependencies for register[13] is 0
number of false dependencies for register[14] is 2
number of false dependencies for register[15] is 0
number of false dependencies for register[16] is 0
number of false dependencies for register[17] is 0
number of false dependencies for register[18] is 0
number of false dependencies for register[19] is 0
number of false dependencies for register[20] is 0
number of false dependencies for register[21] is 0
number of false dependencies for register[22] is 0
number of false dependencies for register[23] is 1
number of false dependencies for register[24] is 0
number of false dependencies for register[25] is 1
number of false dependencies for register[26] is 1
number of false dependencies for register[27] is 0
number of false dependencies for register[28] is 1
number of false dependencies for register[29] is 1
number of false dependencies for register[30] is 0
number of false dependencies for register[31] is 0
