Reading the opcodes latency info from tests/test294.dat ... Got latency for 9 opcodes
Reading the program file tests/test294.in ... Found 200 instructions
getProgDepth()==290
getInstDeps(195)=={133,138}
getInstDeps(194)=={181,193}
getDepDepth(42)==55
getDepDepth(158)==181
getDepDepth(59)==23
getInstDeps(94)=={10,89}
getInstDeps(55)=={53,52}
getDepDepth(147)==226
getDepDepth(49)==52
getInstDeps(56)=={31,-1}
getDepDepth(76)==89
getInstDeps(114)=={102,97}
getDepDepth(120)==170
getDepDepth(17)==0
getInstDeps(32)=={20,15}
getInstDeps(195)=={133,138}
getInstDeps(20)=={13,12}
getInstDeps(93)=={31,83}
getDepDepth(14)==17
getDepDepth(117)==100
getDepDepth(23)==35
getDepDepth(100)==144
getDepDepth(198)==256
getInstDeps(104)=={8,10}
getDepDepth(128)==96
getDepDepth(76)==89
getInstDeps(176)=={175,149}
getDepDepth(156)==107
getDepDepth(136)==184
getDepDepth(176)==256
getInstDeps(94)=={10,89}
getDepDepth(102)==163
number of false dependencies for register[0] is 0
number of false dependencies for register[1] is 0
number of false dependencies for register[2] is 0
number of false dependencies for register[3] is 0
number of false dependencies for register[4] is 1
number of false dependencies for register[5] is 0
number of false dependencies for register[6] is 0
number of false dependencies for register[7] is 0
number of false dependencies for register[8] is 0
number of false dependencies for register[9] is 1
number of false dependencies for register[10] is 0
number of false dependencies for register[11] is 1
number of false dependencies for register[12] is 0
number of false dependencies for register[13] is 0
number of false dependencies for register[14] is 1
number of false dependencies for register[15] is 2
number of false dependencies for register[16] is 0
number of false dependencies for register[17] is 0
number of false dependencies for register[18] is 1
number of false dependencies for register[19] is 0
number of false dependencies for register[20] is 0
number of false dependencies for register[21] is 0
number of false dependencies for register[22] is 0
number of false dependencies for register[23] is 1
number of false dependencies for register[24] is 1
number of false dependencies for register[25] is 2
number of false dependencies for register[26] is 3
number of false dependencies for register[27] is 0
number of false dependencies for register[28] is 3
number of false dependencies for register[29] is 0
number of false dependencies for register[30] is 0
number of false dependencies for register[31] is 0
