Reading the opcodes latency info from tests/test86.dat ... Got latency for 9 opcodes
Reading the program file tests/test86.in ... Found 200 instructions
getProgDepth()==207
getInstDeps(45)=={44,44}
getInstDeps(4)=={-1,-1}
getDepDepth(189)==162
getDepDepth(112)==83
getInstDeps(100)=={83,92}
getInstDeps(120)=={64,112}
getInstDeps(106)=={90,100}
getInstDeps(58)=={38,43}
getInstDeps(51)=={21,25}
getDepDepth(10)==0
getDepDepth(11)==0
getInstDeps(109)=={10,10}
getDepDepth(65)==88
getInstDeps(75)=={36,34}
getDepDepth(18)==0
getInstDeps(78)=={25,37}
getDepDepth(7)==0
getDepDepth(191)==195
getDepDepth(68)==21
getInstDeps(14)=={-1,-1}
getInstDeps(122)=={96,-1}
getDepDepth(140)==101
getDepDepth(11)==0
getDepDepth(159)==151
getInstDeps(110)=={105,61}
getDepDepth(192)==173
getInstDeps(19)=={13,7}
getInstDeps(104)=={93,-1}
getInstDeps(80)=={71,76}
getInstDeps(13)=={-1,-1}
getInstDeps(152)=={136,137}
getInstDeps(159)=={124,158}
getDepDepth(21)==10
getInstDeps(65)=={62,30}
getDepDepth(7)==0
getDepDepth(77)==72
getDepDepth(78)==19
getDepDepth(108)==129
getInstDeps(44)=={37,29}
getInstDeps(152)=={136,137}
getDepDepth(198)==148
getDepDepth(38)==23
getInstDeps(38)=={10,-1}
getDepDepth(46)==31
getInstDeps(194)=={175,166}
getDepDepth(193)==148
getDepDepth(183)==151
getInstDeps(65)=={62,30}
getInstDeps(25)=={-1,-1}
getDepDepth(52)==55
getInstDeps(57)=={38,43}
getDepDepth(133)==98
getDepDepth(92)==61
getInstDeps(10)=={-1,-1}
getInstDeps(128)=={89,112}
getDepDepth(112)==83
getDepDepth(2)==0
getInstDeps(196)=={36,167}
getDepDepth(102)==2
getDepDepth(60)==42
getDepDepth(29)==36
getInstDeps(198)=={171,175}
getInstDeps(96)=={84,92}
getInstDeps(197)=={158,158}
getInstDeps(79)=={37,-1}
getDepDepth(131)==108
getInstDeps(98)=={87,89}
getInstDeps(89)=={87,59}
number of false dependencies for register[0] is 0
number of false dependencies for register[1] is 1
number of false dependencies for register[2] is 2
number of false dependencies for register[3] is 2
number of false dependencies for register[4] is 0
number of false dependencies for register[5] is 0
number of false dependencies for register[6] is 0
number of false dependencies for register[7] is 1
number of false dependencies for register[8] is 1
number of false dependencies for register[9] is 0
number of false dependencies for register[10] is 0
number of false dependencies for register[11] is 2
number of false dependencies for register[12] is 0
number of false dependencies for register[13] is 1
number of false dependencies for register[14] is 0
number of false dependencies for register[15] is 0
number of false dependencies for register[16] is 0
number of false dependencies for register[17] is 1
number of false dependencies for register[18] is 0
number of false dependencies for register[19] is 0
number of false dependencies for register[20] is 0
number of false dependencies for register[21] is 0
number of false dependencies for register[22] is 1
number of false dependencies for register[23] is 1
number of false dependencies for register[24] is 1
number of false dependencies for register[25] is 1
number of false dependencies for register[26] is 1
number of false dependencies for register[27] is 0
number of false dependencies for register[28] is 0
number of false dependencies for register[29] is 2
number of false dependencies for register[30] is 1
number of false dependencies for register[31] is 0
