Reading the opcodes latency info from tests/test234.dat ... Got latency for 9 opcodes
Reading the program file tests/test234.in ... Found 200 instructions
getProgDepth()==204
getDepDepth(141)==133
getInstDeps(111)=={106,48}
getInstDeps(97)=={82,78}
getInstDeps(32)=={-1,19}
getInstDeps(106)=={68,44}
getInstDeps(6)=={-1,0}
getInstDeps(2)=={-1,-1}
getDepDepth(114)==24
getDepDepth(90)==115
getInstDeps(155)=={141,40}
getDepDepth(95)==120
getDepDepth(82)==104
getDepDepth(24)==0
getDepDepth(42)==34
getDepDepth(175)==183
getDepDepth(125)==83
getDepDepth(194)==163
getInstDeps(138)=={104,124}
getInstDeps(162)=={122,127}
getInstDeps(94)=={54,68}
getDepDepth(52)==0
getDepDepth(73)==56
getDepDepth(86)==83
getInstDeps(74)=={55,63}
getInstDeps(153)=={108,130}
getDepDepth(103)==120
getDepDepth(184)==160
getInstDeps(136)=={87,125}
getInstDeps(59)=={-1,19}
getDepDepth(15)==0
getInstDeps(45)=={38,35}
getInstDeps(133)=={104,105}
getInstDeps(69)=={36,66}
getDepDepth(164)==75
getDepDepth(1)==0
getInstDeps(159)=={138,119}
getInstDeps(9)=={-1,-1}
getDepDepth(139)==50
getDepDepth(110)==67
getDepDepth(197)==160
getDepDepth(113)==124
getDepDepth(44)==49
getDepDepth(35)==32
getDepDepth(79)==56
getDepDepth(169)==160
getDepDepth(148)==117
getInstDeps(157)=={118,154}
getDepDepth(103)==120
getDepDepth(19)==0
getDepDepth(43)==19
getInstDeps(147)=={103,105}
getInstDeps(195)=={174,149}
getInstDeps(110)=={40,71}
getDepDepth(45)==39
getDepDepth(162)==168
getDepDepth(7)==11
number of false dependencies for register[0] is 1
number of false dependencies for register[1] is 0
number of false dependencies for register[2] is 0
number of false dependencies for register[3] is 0
number of false dependencies for register[4] is 0
number of false dependencies for register[5] is 0
number of false dependencies for register[6] is 0
number of false dependencies for register[7] is 1
number of false dependencies for register[8] is 0
number of false dependencies for register[9] is 2
number of false dependencies for register[10] is 0
number of false dependencies for register[11] is 0
number of false dependencies for register[12] is 0
number of false dependencies for register[13] is 1
number of false dependencies for register[14] is 0
number of false dependencies for register[15] is 0
number of false dependencies for register[16] is 1
number of false dependencies for register[17] is 0
number of false dependencies for register[18] is 0
number of false dependencies for register[19] is 1
number of false dependencies for register[20] is 0
number of false dependencies for register[21] is 0
number of false dependencies for register[22] is 0
number of false dependencies for register[23] is 0
number of false dependencies for register[24] is 0
number of false dependencies for register[25] is 0
number of false dependencies for register[26] is 3
number of false dependencies for register[27] is 1
number of false dependencies for register[28] is 0
number of false dependencies for register[29] is 1
number of false dependencies for register[30] is 0
number of false dependencies for register[31] is 1
